Archive member included to satisfy reference by file (symbol)

C:/ST/STM32CubeIDE_1.3.0.20_H72xH73xWL-A1/STM32CubeIDE/plugins/com.st.stm32cube.ide.mcu.externaltools.gnu-tools-for-stm32.11.3.rel1.win32_1.1.100.202309141235/tools/bin/../lib/gcc/arm-none-eabi/11.3.1/../../../../arm-none-eabi/lib/thumb/v6-m/nofp\libc_nano.a(libc_a-exit.o)
                              C:/ST/STM32CubeIDE_1.3.0.20_H72xH73xWL-A1/STM32CubeIDE/plugins/com.st.stm32cube.ide.mcu.externaltools.gnu-tools-for-stm32.11.3.rel1.win32_1.1.100.202309141235/tools/bin/../lib/gcc/arm-none-eabi/11.3.1/../../../../arm-none-eabi/lib/thumb/v6-m/nofp/crt0.o (exit)
C:/ST/STM32CubeIDE_1.3.0.20_H72xH73xWL-A1/STM32CubeIDE/plugins/com.st.stm32cube.ide.mcu.externaltools.gnu-tools-for-stm32.11.3.rel1.win32_1.1.100.202309141235/tools/bin/../lib/gcc/arm-none-eabi/11.3.1/../../../../arm-none-eabi/lib/thumb/v6-m/nofp\libc_nano.a(libc_a-nano-vfprintf_float.o)
                              (_printf_float)
C:/ST/STM32CubeIDE_1.3.0.20_H72xH73xWL-A1/STM32CubeIDE/plugins/com.st.stm32cube.ide.mcu.externaltools.gnu-tools-for-stm32.11.3.rel1.win32_1.1.100.202309141235/tools/bin/../lib/gcc/arm-none-eabi/11.3.1/../../../../arm-none-eabi/lib/thumb/v6-m/nofp\libc_nano.a(libc_a-nano-vfprintf_i.o)
                              C:/ST/STM32CubeIDE_1.3.0.20_H72xH73xWL-A1/STM32CubeIDE/plugins/com.st.stm32cube.ide.mcu.externaltools.gnu-tools-for-stm32.11.3.rel1.win32_1.1.100.202309141235/tools/bin/../lib/gcc/arm-none-eabi/11.3.1/../../../../arm-none-eabi/lib/thumb/v6-m/nofp\libc_nano.a(libc_a-nano-vfprintf_float.o) (_printf_common)
C:/ST/STM32CubeIDE_1.3.0.20_H72xH73xWL-A1/STM32CubeIDE/plugins/com.st.stm32cube.ide.mcu.externaltools.gnu-tools-for-stm32.11.3.rel1.win32_1.1.100.202309141235/tools/bin/../lib/gcc/arm-none-eabi/11.3.1/../../../../arm-none-eabi/lib/thumb/v6-m/nofp\libc_nano.a(libc_a-nano-vfscanf_float.o)
                              (_scanf_float)
C:/ST/STM32CubeIDE_1.3.0.20_H72xH73xWL-A1/STM32CubeIDE/plugins/com.st.stm32cube.ide.mcu.externaltools.gnu-tools-for-stm32.11.3.rel1.win32_1.1.100.202309141235/tools/bin/../lib/gcc/arm-none-eabi/11.3.1/../../../../arm-none-eabi/lib/thumb/v6-m/nofp\libc_nano.a(libc_a-findfp.o)
                              C:/ST/STM32CubeIDE_1.3.0.20_H72xH73xWL-A1/STM32CubeIDE/plugins/com.st.stm32cube.ide.mcu.externaltools.gnu-tools-for-stm32.11.3.rel1.win32_1.1.100.202309141235/tools/bin/../lib/gcc/arm-none-eabi/11.3.1/../../../../arm-none-eabi/lib/thumb/v6-m/nofp\libc_nano.a(libc_a-exit.o) (__stdio_exit_handler)
C:/ST/STM32CubeIDE_1.3.0.20_H72xH73xWL-A1/STM32CubeIDE/plugins/com.st.stm32cube.ide.mcu.externaltools.gnu-tools-for-stm32.11.3.rel1.win32_1.1.100.202309141235/tools/bin/../lib/gcc/arm-none-eabi/11.3.1/../../../../arm-none-eabi/lib/thumb/v6-m/nofp\libc_nano.a(libc_a-fwalk.o)
                              C:/ST/STM32CubeIDE_1.3.0.20_H72xH73xWL-A1/STM32CubeIDE/plugins/com.st.stm32cube.ide.mcu.externaltools.gnu-tools-for-stm32.11.3.rel1.win32_1.1.100.202309141235/tools/bin/../lib/gcc/arm-none-eabi/11.3.1/../../../../arm-none-eabi/lib/thumb/v6-m/nofp\libc_nano.a(libc_a-findfp.o) (_fwalk_sglue)
C:/ST/STM32CubeIDE_1.3.0.20_H72xH73xWL-A1/STM32CubeIDE/plugins/com.st.stm32cube.ide.mcu.externaltools.gnu-tools-for-stm32.11.3.rel1.win32_1.1.100.202309141235/tools/bin/../lib/gcc/arm-none-eabi/11.3.1/../../../../arm-none-eabi/lib/thumb/v6-m/nofp\libc_nano.a(libc_a-putchar.o)
                              ./Core/Src/main.o (putchar)
C:/ST/STM32CubeIDE_1.3.0.20_H72xH73xWL-A1/STM32CubeIDE/plugins/com.st.stm32cube.ide.mcu.externaltools.gnu-tools-for-stm32.11.3.rel1.win32_1.1.100.202309141235/tools/bin/../lib/gcc/arm-none-eabi/11.3.1/../../../../arm-none-eabi/lib/thumb/v6-m/nofp\libc_nano.a(libc_a-puts.o)
                              ./Core/Src/main.o (puts)
C:/ST/STM32CubeIDE_1.3.0.20_H72xH73xWL-A1/STM32CubeIDE/plugins/com.st.stm32cube.ide.mcu.externaltools.gnu-tools-for-stm32.11.3.rel1.win32_1.1.100.202309141235/tools/bin/../lib/gcc/arm-none-eabi/11.3.1/../../../../arm-none-eabi/lib/thumb/v6-m/nofp\libc_nano.a(libc_a-sprintf.o)
                              ./Core/Src/main.o (sprintf)
C:/ST/STM32CubeIDE_1.3.0.20_H72xH73xWL-A1/STM32CubeIDE/plugins/com.st.stm32cube.ide.mcu.externaltools.gnu-tools-for-stm32.11.3.rel1.win32_1.1.100.202309141235/tools/bin/../lib/gcc/arm-none-eabi/11.3.1/../../../../arm-none-eabi/lib/thumb/v6-m/nofp\libc_nano.a(libc_a-stdio.o)
                              C:/ST/STM32CubeIDE_1.3.0.20_H72xH73xWL-A1/STM32CubeIDE/plugins/com.st.stm32cube.ide.mcu.externaltools.gnu-tools-for-stm32.11.3.rel1.win32_1.1.100.202309141235/tools/bin/../lib/gcc/arm-none-eabi/11.3.1/../../../../arm-none-eabi/lib/thumb/v6-m/nofp\libc_nano.a(libc_a-findfp.o) (__sread)
C:/ST/STM32CubeIDE_1.3.0.20_H72xH73xWL-A1/STM32CubeIDE/plugins/com.st.stm32cube.ide.mcu.externaltools.gnu-tools-for-stm32.11.3.rel1.win32_1.1.100.202309141235/tools/bin/../lib/gcc/arm-none-eabi/11.3.1/../../../../arm-none-eabi/lib/thumb/v6-m/nofp\libc_nano.a(libc_a-wbuf.o)
[...]
Memory Configuration

Name             Origin             Length             Attributes
RAM              0x0000000020000000 0x0000000000005000 xrw
FLASH            0x0000000008000000 0x0000000000020000 xr
*default*        0x0000000000000000 0xffffffffffffffff

Linker script and memory map

LOAD C:/ST/STM32CubeIDE_1.3.0.20_H72xH73xWL-A1/STM32CubeIDE/plugins/com.st.stm32cube.ide.mcu.externaltools.gnu-tools-for-stm32.11.3.rel1.win32_1.1.100.202309141235/tools/bin/../lib/gcc/arm-none-eabi/11.3.1/thumb/v6-m/nofp/crti.o
LOAD C:/ST/STM32CubeIDE_1.3.0.20_H72xH73xWL-A1/STM32CubeIDE/plugins/com.st.stm32cube.ide.mcu.externaltools.gnu-tools-for-stm32.11.3.rel1.win32_1.1.100.202309141235/tools/bin/../lib/gcc/arm-none-eabi/11.3.1/thumb/v6-m/nofp/crtbegin.o
LOAD C:/ST/STM32CubeIDE_1.3.0.20_H72xH73xWL-A1/STM32CubeIDE/plugins/com.st.stm32cube.ide.mcu.externaltools.gnu-tools-for-stm32.11.3.rel1.win32_1.1.100.202309141235/tools/bin/../lib/gcc/arm-none-eabi/11.3.1/../../../../arm-none-eabi/lib/thumb/v6-m/nofp/crt0.o
LOAD ./Core/Src/I2C_LCD.o
LOAD ./Core/Src/main.o
LOAD ./Core/Src/modbus_crc.o
LOAD ./Core/Src/stm32l0xx_hal_msp.o
LOAD ./Core/Src/stm32l0xx_it.o
LOAD ./Core/Src/syscalls.o
LOAD ./Core/Src/sysmem.o
LOAD ./Core/Src/system_stm32l0xx.o
LOAD ./Core/Startup/startup_stm32l073vbtx.o
LOAD ./Drivers/STM32L0xx_HAL_Driver/Src/stm32l0xx_hal.o
LOAD ./Drivers/STM32L0xx_HAL_Driver/Src/stm32l0xx_hal_cortex.o
LOAD ./Drivers/STM32L0xx_HAL_Driver/Src/stm32l0xx_hal_dma.o
LOAD ./Drivers/STM32L0xx_HAL_Driver/Src/stm32l0xx_hal_exti.o
LOAD ./Drivers/STM32L0xx_HAL_Driver/Src/stm32l0xx_hal_flash.o
LOAD ./Drivers/STM32L0xx_HAL_Driver/Src/stm32l0xx_hal_flash_ex.o
LOAD ./Drivers/STM32L0xx_HAL_Driver/Src/stm32l0xx_hal_flash_ramfunc.o
LOAD ./Drivers/STM32L0xx_HAL_Driver/Src/stm32l0xx_hal_gpio.o
LOAD ./Drivers/STM32L0xx_HAL_Driver/Src/stm32l0xx_hal_i2c.o
LOAD ./Drivers/STM32L0xx_HAL_Driver/Src/stm32l0xx_hal_i2c_ex.o
LOAD ./Drivers/STM32L0xx_HAL_Driver/Src/stm32l0xx_hal_pwr.o
LOAD ./Drivers/STM32L0xx_HAL_Driver/Src/stm32l0xx_hal_pwr_ex.o
LOAD ./Drivers/STM32L0xx_HAL_Driver/Src/stm32l0xx_hal_rcc.o
LOAD ./Drivers/STM32L0xx_HAL_Driver/Src/stm32l0xx_hal_rcc_ex.o
LOAD ./Drivers/STM32L0xx_HAL_Driver/Src/stm32l0xx_hal_tim.o
LOAD ./Drivers/STM32L0xx_HAL_Driver/Src/stm32l0xx_hal_tim_ex.o
LOAD ./Drivers/STM32L0xx_HAL_Driver/Src/stm32l0xx_hal_uart.o
LOAD ./Drivers/STM32L0xx_HAL_Driver/Src/stm32l0xx_hal_uart_ex.o
START GROUP
LOAD C:/ST/STM32CubeIDE_1.3.0.20_H72xH73xWL-A1/STM32CubeIDE/plugins/com.st.stm32cube.ide.mcu.externaltools.gnu-tools-for-stm32.11.3.rel1.win32_1.1.100.202309141235/tools/bin/../lib/gcc/arm-none-eabi/11.3.1/../../../../arm-none-eabi/lib/thumb/v6-m/nofp\libc_nano.a
LOAD C:/ST/STM32CubeIDE_1.3.0.20_H72xH73xWL-A1/STM32CubeIDE/plugins/com.st.stm32cube.ide.mcu.externaltools.gnu-tools-for-stm32.11.3.rel1.win32_1.1.100.202309141235/tools/bin/../lib/gcc/arm-none-eabi/11.3.1/../../../../arm-none-eabi/lib/thumb/v6-m/nofp\libm.a
END GROUP
START GROUP
LOAD C:/ST/STM32CubeIDE_1.3.0.20_H72xH73xWL-A1/STM32CubeIDE/plugins/com.st.stm32cube.ide.mcu.externaltools.gnu-tools-for-stm32.11.3.rel1.win32_1.1.100.202309141235/tools/bin/../lib/gcc/arm-none-eabi/11.3.1/thumb/v6-m/nofp\libgcc.a
LOAD C:/ST/STM32CubeIDE_1.3.0.20_H72xH73xWL-A1/STM32CubeIDE/plugins/com.st.stm32cube.ide.mcu.externaltools.gnu-tools-for-stm32.11.3.rel1.win32_1.1.100.202309141235/tools/bin/../lib/gcc/arm-none-eabi/11.3.1/../../../../arm-none-eabi/lib/thumb/v6-m/nofp\libc_nano.a
END GROUP
START GROUP
LOAD C:/ST/STM32CubeIDE_1.3.0.20_H72xH73xWL-A1/STM32CubeIDE/plugins/com.st.stm32cube.ide.mcu.externaltools.gnu-tools-for-stm32.11.3.rel1.win32_1.1.100.202309141235/tools/bin/../lib/gcc/arm-none-eabi/11.3.1/thumb/v6-m/nofp\libgcc.a
LOAD C:/ST/STM32CubeIDE_1.3.0.20_H72xH73xWL-A1/STM32CubeIDE/plugins/com.st.stm32cube.ide.mcu.externaltools.gnu-tools-for-stm32.11.3.rel1.win32_1.1.100.202309141235/tools/bin/../lib/gcc/arm-none-eabi/11.3.1/../../../../arm-none-eabi/lib/thumb/v6-m/nofp\libc_nano.a
LOAD C:/ST/STM32CubeIDE_1.3.0.20_H72xH73xWL-A1/STM32CubeIDE/plugins/com.st.stm32cube.ide.mcu.externaltools.gnu-tools-for-stm32.11.3.rel1.win32_1.1.100.202309141235/tools/bin/../lib/gcc/arm-none-eabi/11.3.1/../../../../arm-none-eabi/lib/thumb/v6-m/nofp\libnosys.a
END GROUP
START GROUP
LOAD C:/ST/STM32CubeIDE_1.3.0.20_H72xH73xWL-A1/STM32CubeIDE/plugins/com.st.stm32cube.ide.mcu.externaltools.gnu-tools-for-stm32.11.3.rel1.win32_1.1.100.202309141235/tools/bin/../lib/gcc/arm-none-eabi/11.3.1/thumb/v6-m/nofp\libgcc.a
LOAD C:/ST/STM32CubeIDE_1.3.0.20_H72xH73xWL-A1/STM32CubeIDE/plugins/com.st.stm32cube.ide.mcu.externaltools.gnu-tools-for-stm32.11.3.rel1.win32_1.1.100.202309141235/tools/bin/../lib/gcc/arm-none-eabi/11.3.1/../../../../arm-none-eabi/lib/thumb/v6-m/nofp\libc_nano.a
LOAD C:/ST/STM32CubeIDE_1.3.0.20_H72xH73xWL-A1/STM32CubeIDE/plugins/com.st.stm32cube.ide.mcu.externaltools.gnu-tools-for-stm32.11.3.rel1.win32_1.1.100.202309141235/tools/bin/../lib/gcc/arm-none-eabi/11.3.1/../../../../arm-none-eabi/lib/thumb/v6-m/nofp\libnosys.a
END GROUP
LOAD C:/ST/STM32CubeIDE_1.3.0.20_H72xH73xWL-A1/STM32CubeIDE/plugins/com.st.stm32cube.ide.mcu.externaltools.gnu-tools-for-stm32.11.3.rel1.win32_1.1.100.202309141235/tools/bin/../lib/gcc/arm-none-eabi/11.3.1/thumb/v6-m/nofp/crtend.o
LOAD C:/ST/STM32CubeIDE_1.3.0.20_H72xH73xWL-A1/STM32CubeIDE/plugins/com.st.stm32cube.ide.mcu.externaltools.gnu-tools-for-stm32.11.3.rel1.win32_1.1.100.202309141235/tools/bin/../lib/gcc/arm-none-eabi/11.3.1/thumb/v6-m/nofp/crtn.o
                0x0000000020005000                _estack = (ORIGIN (RAM) + LENGTH (RAM))
                0x0000000000000200                _Min_Heap_Size = 0x200
                0x0000000000000400                _Min_Stack_Size = 0x400

.isr_vector     0x0000000008000000       0xc0
                0x0000000008000000                . = ALIGN (0x4)
 *(.isr_vector)
 .isr_vector    0x0000000008000000       0xc0 ./Core/Startup/startup_stm32l073vbtx.o
                0x0000000008000000                g_pfnVectors
                0x00000000080000c0                . = ALIGN (0x4)

.text           0x00000000080000c0     0x98a4
                0x00000000080000c0                . = ALIGN (0x4)
 *(.text)
 .text          0x00000000080000c0       0x48 C:/ST/STM32CubeIDE_1.3.0.20_H72xH73xWL-A1/STM32CubeIDE/plugins/com.st.stm32cube.ide.mcu.externaltools.gnu-tools-for-stm32.11.3.rel1.win32_1.1.100.202309141235/tools/bin/../lib/gcc/arm-none-eabi/11.3.1/thumb/v6-m/nofp/crtbegin.o
 .text          0x0000000008000108        0xe C:/ST/STM32CubeIDE_1.3.0.20_H72xH73xWL-A1/STM32CubeIDE/plugins/com.st.stm32cube.ide.mcu.externaltools.gnu-tools-for-stm32.11.3.rel1.win32_1.1.100.202309141235/tools/bin/../lib/gcc/arm-none-eabi/11.3.1/../../../../arm-none-eabi/lib/thumb/v6-m/nofp\libc_nano.a(libc_a-strlen.o)
                0x0000000008000108                strlen
 *fill*         0x0000000008000116        0x2 
 .text          0x0000000008000118       0x14 C:/ST/STM32CubeIDE_1.3.0.20_H72xH73xWL-A1/STM32CubeIDE/plugins/com.st.stm32cube.ide.mcu.externaltools.gnu-tools-for-stm32.11.3.rel1.win32_1.1.100.202309141235/tools/bin/../lib/gcc/arm-none-eabi/11.3.1/thumb/v6-m/nofp\libgcc.a(_thumb1_case_sqi.o)
                0x0000000008000118                __gnu_thumb1_case_sqi
 .text          0x000000000800012c       0x14 C:/ST/STM32CubeIDE_1.3.0.20_H72xH73xWL-A1/STM32CubeIDE/plugins/com.st.stm32cube.ide.mcu.externaltools.gnu-tools-for-stm32.11.3.rel1.win32_1.1.100.202309141235/tools/bin/../lib/gcc/arm-none-eabi/11.3.1/thumb/v6-m/nofp\libgcc.a(_thumb1_case_uqi.o)
                0x000000000800012c                __gnu_thumb1_case_uqi
 .text          0x0000000008000140       0x14 C:/ST/STM32CubeIDE_1.3.0.20_H72xH73xWL-A1/STM32CubeIDE/plugins/com.st.stm32cube.ide.mcu.externaltools.gnu-tools-for-stm32.11.3.rel1.win32_1.1.100.202309141235/tools/bin/../lib/gcc/arm-none-eabi/11.3.1/thumb/v6-m/nofp\libgcc.a(_thumb1_case_shi.o)
                0x0000000008000140                __gnu_thumb1_case_shi
 .text          0x0000000008000154      0x114 C:/ST/STM32CubeIDE_1.3.0.20_H72xH73xWL-A1/STM32CubeIDE/plugins/com.st.stm32cube.ide.mcu.externaltools.gnu-tools-for-stm32.11.3.rel1.win32_1.1.100.202309141235/tools/bin/../lib/gcc/arm-none-eabi/11.3.1/thumb/v6-m/nofp\libgcc.a(_udivsi3.o)
                0x0000000008000154                __aeabi_uidiv
                0x0000000008000154                __udivsi3
                0x0000000008000260                __aeabi_uidivmod
 .text          0x0000000008000268      0x1d4 C:/ST/STM32CubeIDE_1.3.0.20_H72xH73xWL-A1/STM32CubeIDE/plugins/com.st.stm32cube.ide.mcu.externaltools.gnu-tools-for-stm32.11.3.rel1.win32_1.1.100.202309141235/tools/bin/../lib/gcc/arm-none-eabi/11.3.1/thumb/v6-m/nofp\libgcc.a(_divsi3.o)
                0x0000000008000268                __divsi3
                0x0000000008000268                __aeabi_idiv
                0x0000000008000434                __aeabi_idivmod
 .text          0x000000000800043c        0x4 C:/ST/STM32CubeIDE_1.3.0.20_H72xH73xWL-A1/STM32CubeIDE/plugins/com.st.stm32cube.ide.mcu.externaltools.gnu-tools-for-stm32.11.3.rel1.win32_1.1.100.202309141235/tools/bin/../lib/gcc/arm-none-eabi/11.3.1/thumb/v6-m/nofp\libgcc.a(_dvmd_tls.o)
                0x000000000800043c                __aeabi_idiv0
                0x000000000800043c                __aeabi_ldiv0
 .text          0x0000000008000440       0x7c C:/ST/STM32CubeIDE_1.3.0.20_H72xH73xWL-A1/STM32CubeIDE/plugins/com.st.stm32cube.ide.mcu.externaltools.gnu-tools-for-stm32.11.3.rel1.win32_1.1.100.202309141235/tools/bin/../lib/gcc/arm-none-eabi/11.3.1/thumb/v6-m/nofp\libgcc.a(_arm_cmpdf2.o)
                0x0000000008000440                __aeabi_cdrcmple
                0x0000000008000450                __aeabi_cdcmple
                0x0000000008000450                __aeabi_cdcmpeq
                0x0000000008000460                __aeabi_dcmpeq
                0x000000000800046c                __aeabi_dcmplt
                0x0000000008000480                __aeabi_dcmple
                0x0000000008000494                __aeabi_dcmpgt
                0x00000000080004a8                __aeabi_dcmpge
 .text          0x00000000080004bc       0x40 C:/ST/STM32CubeIDE_1.3.0.20_H72xH73xWL-A1/STM32CubeIDE/plugins/com.st.stm32cube.ide.mcu.externaltools.gnu-tools-for-stm32.11.3.rel1.win32_1.1.100.202309141235/tools/bin/../lib/gcc/arm-none-eabi/11.3.1/thumb/v6-m/nofp\libgcc.a(_aeabi_uldivmod.o)
                0x00000000080004bc                __aeabi_uldivmod
 .text          0x00000000080004fc       0x5c C:/ST/STM32CubeIDE_1.3.0.20_H72xH73xWL-A1/STM32CubeIDE/plugins/com.st.stm32cube.ide.mcu.externaltools.gnu-tools-for-stm32.11.3.rel1.win32_1.1.100.202309141235/tools/bin/../lib/gcc/arm-none-eabi/11.3.1/thumb/v6-m/nofp\libgcc.a(_muldi3.o)
                0x00000000080004fc                __muldi3
                0x00000000080004fc                __aeabi_lmul
 .text          0x0000000008000558       0x3c C:/ST/STM32CubeIDE_1.3.0.20_H72xH73xWL-A1/STM32CubeIDE/plugins/com.st.stm32cube.ide.mcu.externaltools.gnu-tools-for-stm32.11.3.rel1.win32_1.1.100.202309141235/tools/bin/../lib/gcc/arm-none-eabi/11.3.1/thumb/v6-m/nofp\libgcc.a(_fixunsdfsi.o)
                0x0000000008000558                __aeabi_d2uiz
                0x0000000008000558                __fixunsdfsi
 .text          0x0000000008000594       0x3c C:/ST/STM32CubeIDE_1.3.0.20_H72xH73xWL-A1/STM32CubeIDE/plugins/com.st.stm32cube.ide.mcu.externaltools.gnu-tools-for-stm32.11.3.rel1.win32_1.1.100.202309141235/tools/bin/../lib/gcc/arm-none-eabi/11.3.1/thumb/v6-m/nofp\libgcc.a(_fixdfdi.o)
                0x0000000008000594                __fixdfdi
                0x0000000008000594                __aeabi_d2lz
 .text          0x00000000080005d0       0x3c C:/ST/STM32CubeIDE_1.3.0.20_H72xH73xWL-A1/STM32CubeIDE/plugins/com.st.stm32cube.ide.mcu.externaltools.gnu-tools-for-stm32.11.3.rel1.win32_1.1.100.202309141235/tools/bin/../lib/gcc/arm-none-eabi/11.3.1/thumb/v6-m/nofp\libgcc.a(_fixunsdfdi.o)
                0x00000000080005d0                __fixunsdfdi
                0x00000000080005d0                __aeabi_d2ulz
 .text          0x000000000800060c       0x2c C:/ST/STM32CubeIDE_1.3.0.20_H72xH73xWL-A1/STM32CubeIDE/plugins/com.st.stm32cube.ide.mcu.externaltools.gnu-tools-for-stm32.11.3.rel1.win32_1.1.100.202309141235/tools/bin/../lib/gcc/arm-none-eabi/11.3.1/thumb/v6-m/nofp\libgcc.a(_floatdidf.o)
                0x000000000800060c                __aeabi_l2d
                0x000000000800060c                __floatdidf
 .text          0x0000000008000638      0x198 C:/ST/STM32CubeIDE_1.3.0.20_H72xH73xWL-A1/STM32CubeIDE/plugins/com.st.stm32cube.ide.mcu.externaltools.gnu-tools-for-stm32.11.3.rel1.win32_1.1.100.202309141235/tools/bin/../lib/gcc/arm-none-eabi/11.3.1/thumb/v6-m/nofp\libgcc.a(_udivmoddi4.o)
                0x0000000008000638                __udivmoddi4
 .text          0x00000000080007d0      0x6c0 C:/ST/STM32CubeIDE_1.3.0.20_H72xH73xWL-A1/STM32CubeIDE/plugins/com.st.stm32cube.ide.mcu.externaltools.gnu-tools-for-stm32.11.3.rel1.win32_1.1.100.202309141235/tools/bin/../lib/gcc/arm-none-eabi/11.3.1/thumb/v6-m/nofp\libgcc.a(adddf3.o)
                0x00000000080007d0                __aeabi_dadd
 .text          0x0000000008000e90      0x5dc C:/ST/STM32CubeIDE_1.3.0.20_H72xH73xWL-A1/STM32CubeIDE/plugins/com.st.stm32cube.ide.mcu.externaltools.gnu-tools-for-stm32.11.3.rel1.win32_1.1.100.202309141235/tools/bin/../lib/gcc/arm-none-eabi/11.3.1/thumb/v6-m/nofp\libgcc.a(divdf3.o)
                0x0000000008000e90                __aeabi_ddiv
 .text          0x000000000800146c       0x84 C:/ST/STM32CubeIDE_1.3.0.20_H72xH73xWL-A1/STM32CubeIDE/plugins/com.st.stm32cube.ide.mcu.externaltools.gnu-tools-for-stm32.11.3.rel1.win32_1.1.100.202309141235/tools/bin/../lib/gcc/arm-none-eabi/11.3.1/thumb/v6-m/nofp\libgcc.a(eqdf2.o)
                0x000000000800146c                __nedf2
                0x000000000800146c                __eqdf2
 .text          0x00000000080014f0       0xcc C:/ST/STM32CubeIDE_1.3.0.20_H72xH73xWL-A1/STM32CubeIDE/plugins/com.st.stm32cube.ide.mcu.externaltools.gnu-tools-for-stm32.11.3.rel1.win32_1.1.100.202309141235/tools/bin/../lib/gcc/arm-none-eabi/11.3.1/thumb/v6-m/nofp\libgcc.a(gedf2.o)
                0x00000000080014f0                __gedf2
                0x00000000080014f0                __gtdf2
 .text          0x00000000080015bc       0xc8 C:/ST/STM32CubeIDE_1.3.0.20_H72xH73xWL-A1/STM32CubeIDE/plugins/com.st.stm32cube.ide.mcu.externaltools.gnu-tools-for-stm32.11.3.rel1.win32_1.1.100.202309141235/tools/bin/../lib/gcc/arm-none-eabi/11.3.1/thumb/v6-m/nofp\libgcc.a(ledf2.o)
                0x00000000080015bc                __ledf2
                0x00000000080015bc                __ltdf2
 .text          0x0000000008001684      0x584 C:/ST/STM32CubeIDE_1.3.0.20_H72xH73xWL-A1/STM32CubeIDE/plugins/com.st.stm32cube.ide.mcu.externaltools.gnu-tools-for-stm32.11.3.rel1.win32_1.1.100.202309141235/tools/bin/../lib/gcc/arm-none-eabi/11.3.1/thumb/v6-m/nofp\libgcc.a(muldf3.o)
                0x0000000008001684                __aeabi_dmul
 .text          0x0000000008001c08      0x704 C:/ST/STM32CubeIDE_1.3.0.20_H72xH73xWL-A1/STM32CubeIDE/plugins/com.st.stm32cube.ide.mcu.externaltools.gnu-tools-for-stm32.11.3.rel1.win32_1.1.100.202309141235/tools/bin/../lib/gcc/arm-none-eabi/11.3.1/thumb/v6-m/nofp\libgcc.a(subdf3.o)
                0x0000000008001c08                __aeabi_dsub
 .text          0x000000000800230c       0x3c C:/ST/STM32CubeIDE_1.3.0.20_H72xH73xWL-A1/STM32CubeIDE/plugins/com.st.stm32cube.ide.mcu.externaltools.gnu-tools-for-stm32.11.3.rel1.win32_1.1.100.202309141235/tools/bin/../lib/gcc/arm-none-eabi/11.3.1/thumb/v6-m/nofp\libgcc.a(unorddf2.o)
                0x000000000800230c                __aeabi_dcmpun
 .text          0x0000000008002348       0x6c C:/ST/STM32CubeIDE_1.3.0.20_H72xH73xWL-A1/STM32CubeIDE/plugins/com.st.stm32cube.ide.mcu.externaltools.gnu-tools-for-stm32.11.3.rel1.win32_1.1.100.202309141235/tools/bin/../lib/gcc/arm-none-eabi/11.3.1/thumb/v6-m/nofp\libgcc.a(fixdfsi.o)
                0x0000000008002348                __aeabi_d2iz
 .text          0x00000000080023b4       0x60 C:/ST/STM32CubeIDE_1.3.0.20_H72xH73xWL-A1/STM32CubeIDE/plugins/com.st.stm32cube.ide.mcu.externaltools.gnu-tools-for-stm32.11.3.rel1.win32_1.1.100.202309141235/tools/bin/../lib/gcc/arm-none-eabi/11.3.1/thumb/v6-m/nofp\libgcc.a(floatsidf.o)
                0x00000000080023b4                __aeabi_i2d
 .text          0x0000000008002414       0x4c C:/ST/STM32CubeIDE_1.3.0.20_H72xH73xWL-A1/STM32CubeIDE/plugins/com.st.stm32cube.ide.mcu.externaltools.gnu-tools-for-stm32.11.3.rel1.win32_1.1.100.202309141235/tools/bin/../lib/gcc/arm-none-eabi/11.3.1/thumb/v6-m/nofp\libgcc.a(floatunsidf.o)
                0x0000000008002414                __aeabi_ui2d
 .text          0x0000000008002460       0x90 C:/ST/STM32CubeIDE_1.3.0.20_H72xH73xWL-A1/STM32CubeIDE/plugins/com.st.stm32cube.ide.mcu.externaltools.gnu-tools-for-stm32.11.3.rel1.win32_1.1.100.202309141235/tools/bin/../lib/gcc/arm-none-eabi/11.3.1/thumb/v6-m/nofp\libgcc.a(extendsfdf2.o)
                0x0000000008002460                __aeabi_f2d
 .text          0x00000000080024f0      0x10c C:/ST/STM32CubeIDE_1.3.0.20_H72xH73xWL-A1/STM32CubeIDE/plugins/com.st.stm32cube.ide.mcu.externaltools.gnu-tools-for-stm32.11.3.rel1.win32_1.1.100.202309141235/tools/bin/../lib/gcc/arm-none-eabi/11.3.1/thumb/v6-m/nofp\libgcc.a(truncdfsf2.o)
                0x00000000080024f0                __aeabi_d2f
 .text          0x00000000080025fc       0x3c C:/ST/STM32CubeIDE_1.3.0.20_H72xH73xWL-A1/STM32CubeIDE/plugins/com.st.stm32cube.ide.mcu.externaltools.gnu-tools-for-stm32.11.3.rel1.win32_1.1.100.202309141235/tools/bin/../lib/gcc/arm-none-eabi/11.3.1/thumb/v6-m/nofp\libgcc.a(_clzsi2.o)
                0x00000000080025fc                __clzsi2
 .text          0x0000000008002638       0x18 C:/ST/STM32CubeIDE_1.3.0.20_H72xH73xWL-A1/STM32CubeIDE/plugins/com.st.stm32cube.ide.mcu.externaltools.gnu-tools-for-stm32.11.3.rel1.win32_1.1.100.202309141235/tools/bin/../lib/gcc/arm-none-eabi/11.3.1/thumb/v6-m/nofp\libgcc.a(_clzdi2.o)
                0x0000000008002638                __clzdi2
 *(.text*)
 .text.lcd_send_cmd
                0x0000000008002650       0x38 ./Core/Src/I2C_LCD.o
                0x0000000008002650                lcd_send_cmd
 .text.lcd_send_data
                0x0000000008002688       0x38 ./Core/Src/I2C_LCD.o
                0x0000000008002688                lcd_send_data
 .text.lcd_init
                0x00000000080026c0       0x76 ./Core/Src/I2C_LCD.o
                0x00000000080026c0                lcd_init
 .text.lcd_send_string
                0x0000000008002736       0x14 ./Core/Src/I2C_LCD.o
                0x0000000008002736                lcd_send_string
 *fill*         0x000000000800274a        0x2 
 .text._write   0x000000000800274c       0x18 ./Core/Src/main.o
                0x000000000800274c                _write
 .text.sendData
                0x0000000008002764       0x34 ./Core/Src/main.o
                0x0000000008002764                sendData
 .text.HAL_UARTEx_RxEventCallback
                0x0000000008002798       0xe4 ./Core/Src/main.o
                0x0000000008002798                HAL_UARTEx_RxEventCallback
 .text.SystemClock_Config
                0x000000000800287c       0x9c ./Core/Src/main.o
                0x000000000800287c                SystemClock_Config
 .text.startup.main
                0x0000000008002918      0x534 ./Core/Src/main.o
                0x0000000008002918                main
 .text.crc16    0x0000000008002e4c       0x34 ./Core/Src/modbus_crc.o
                0x0000000008002e4c                crc16
 .text.HAL_MspInit
                0x0000000008002e80       0x1c ./Core/Src/stm32l0xx_hal_msp.o
                0x0000000008002e80                HAL_MspInit
 .text.HAL_I2C_MspInit
                0x0000000008002e9c       0x5c ./Core/Src/stm32l0xx_hal_msp.o
                0x0000000008002e9c                HAL_I2C_MspInit
 .text.HAL_UART_MspInit
                0x0000000008002ef8       0xe0 ./Core/Src/stm32l0xx_hal_msp.o
                0x0000000008002ef8                HAL_UART_MspInit
 .text.NMI_Handler
                0x0000000008002fd8        0x2 ./Core/Src/stm32l0xx_it.o
                0x0000000008002fd8                NMI_Handler
 .text.HardFault_Handler
                0x0000000008002fda        0x2 ./Core/Src/stm32l0xx_it.o
                0x0000000008002fda                HardFault_Handler
 .text.SVC_Handler
                0x0000000008002fdc        0x2 ./Core/Src/stm32l0xx_it.o
                0x0000000008002fdc                SVC_Handler
 .text.PendSV_Handler
                0x0000000008002fde        0x2 ./Core/Src/stm32l0xx_it.o
                0x0000000008002fde                PendSV_Handler
 .text.SysTick_Handler
                0x0000000008002fe0        0x8 ./Core/Src/stm32l0xx_it.o
                0x0000000008002fe0                SysTick_Handler
 .text.USART4_5_IRQHandler
                0x0000000008002fe8       0x18 ./Core/Src/stm32l0xx_it.o
                0x0000000008002fe8                USART4_5_IRQHandler
 .text._getpid  0x0000000008003000        0x4 ./Core/Src/syscalls.o
                0x0000000008003000                _getpid
 .text._kill    0x0000000008003004       0x10 ./Core/Src/syscalls.o
                0x0000000008003004                _kill
 .text._exit    0x0000000008003014        0xc ./Core/Src/syscalls.o
                0x0000000008003014                _exit
 .text._read    0x0000000008003020       0x1a ./Core/Src/syscalls.o
                0x0000000008003020                _read
 .text._close   0x000000000800303a        0x6 ./Core/Src/syscalls.o
                0x000000000800303a                _close
 .text._fstat   0x0000000008003040        0xa ./Core/Src/syscalls.o
                0x0000000008003040                _fstat
 .text._isatty  0x000000000800304a        0x4 ./Core/Src/syscalls.o
                0x000000000800304a                _isatty
 .text._lseek   0x000000000800304e        0x4 ./Core/Src/syscalls.o
                0x000000000800304e                _lseek
 *fill*         0x0000000008003052        0x2 
 .text._sbrk    0x0000000008003054       0x40 ./Core/Src/sysmem.o
                0x0000000008003054                _sbrk
 .text.SystemInit
                0x0000000008003094        0x2 ./Core/Src/system_stm32l0xx.o
                0x0000000008003094                SystemInit
 *fill*         0x0000000008003096        0x2 
 .text.Reset_Handler
                0x0000000008003098       0x50 ./Core/Startup/startup_stm32l073vbtx.o
                0x0000000008003098                Reset_Handler
 .text.Default_Handler
                0x00000000080030e8        0x2 ./Core/Startup/startup_stm32l073vbtx.o
                0x00000000080030e8                TSC_IRQHandler
                0x00000000080030e8                ADC1_COMP_IRQHandler
                0x00000000080030e8                PVD_IRQHandler
                0x00000000080030e8                I2C1_IRQHandler
                0x00000000080030e8                RCC_CRS_IRQHandler
                0x00000000080030e8                SPI1_IRQHandler
                0x00000000080030e8                TIM6_DAC_IRQHandler
                0x00000000080030e8                EXTI2_3_IRQHandler
                0x00000000080030e8                I2C2_IRQHandler
                0x00000000080030e8                RTC_IRQHandler
                0x00000000080030e8                LCD_IRQHandler
                0x00000000080030e8                DMA1_Channel4_5_6_7_IRQHandler
                0x00000000080030e8                TIM3_IRQHandler
                0x00000000080030e8                EXTI4_15_IRQHandler
                0x00000000080030e8                DMA1_Channel1_IRQHandler
                0x00000000080030e8                Default_Handler
                0x00000000080030e8                TIM22_IRQHandler
                0x00000000080030e8                TIM7_IRQHandler
                0x00000000080030e8                EXTI0_1_IRQHandler
                0x00000000080030e8                USB_IRQHandler
                0x00000000080030e8                I2C3_IRQHandler
                0x00000000080030e8                SPI2_IRQHandler
                0x00000000080030e8                TIM21_IRQHandler
                0x00000000080030e8                WWDG_IRQHandler
                0x00000000080030e8                TIM2_IRQHandler
                0x00000000080030e8                DMA1_Channel2_3_IRQHandler
                0x00000000080030e8                USART2_IRQHandler
                0x00000000080030e8                FLASH_IRQHandler
                0x00000000080030e8                USART1_IRQHandler
                0x00000000080030e8                RNG_LPUART1_IRQHandler
                0x00000000080030e8                LPTIM1_IRQHandler
 *fill*         0x00000000080030ea        0x2 
 .text.HAL_InitTick
                0x00000000080030ec       0x48 ./Drivers/STM32L0xx_HAL_Driver/Src/stm32l0xx_hal.o
                0x00000000080030ec                HAL_InitTick
 .text.HAL_Init
                0x0000000008003134       0x28 ./Drivers/STM32L0xx_HAL_Driver/Src/stm32l0xx_hal.o
                0x0000000008003134                HAL_Init
 .text.HAL_IncTick
                0x000000000800315c       0x18 ./Drivers/STM32L0xx_HAL_Driver/Src/stm32l0xx_hal.o
                0x000000000800315c                HAL_IncTick
 .text.HAL_GetTick
                0x0000000008003174        0xc ./Drivers/STM32L0xx_HAL_Driver/Src/stm32l0xx_hal.o
                0x0000000008003174                HAL_GetTick
 .text.HAL_Delay
                0x0000000008003180       0x24 ./Drivers/STM32L0xx_HAL_Driver/Src/stm32l0xx_hal.o
                0x0000000008003180                HAL_Delay
 .text.HAL_NVIC_SetPriority
                0x00000000080031a4       0x54 ./Drivers/STM32L0xx_HAL_Driver/Src/stm32l0xx_hal_cortex.o
                0x00000000080031a4                HAL_NVIC_SetPriority
 .text.HAL_NVIC_EnableIRQ
                0x00000000080031f8       0x18 ./Drivers/STM32L0xx_HAL_Driver/Src/stm32l0xx_hal_cortex.o
                0x00000000080031f8                HAL_NVIC_EnableIRQ
 .text.HAL_SYSTICK_Config
                0x0000000008003210       0x34 ./Drivers/STM32L0xx_HAL_Driver/Src/stm32l0xx_hal_cortex.o
                0x0000000008003210                HAL_SYSTICK_Config
 .text.HAL_DMA_Abort
                0x0000000008003244       0x40 ./Drivers/STM32L0xx_HAL_Driver/Src/stm32l0xx_hal_dma.o
                0x0000000008003244                HAL_DMA_Abort
 .text.HAL_DMA_Abort_IT
                0x0000000008003284       0x4a ./Drivers/STM32L0xx_HAL_Driver/Src/stm32l0xx_hal_dma.o
                0x0000000008003284                HAL_DMA_Abort_IT
 *fill*         0x00000000080032ce        0x2 
 .text.HAL_GPIO_Init
                0x00000000080032d0      0x194 ./Drivers/STM32L0xx_HAL_Driver/Src/stm32l0xx_hal_gpio.o
                0x00000000080032d0                HAL_GPIO_Init
 .text.HAL_GPIO_WritePin
                0x0000000008003464        0xc ./Drivers/STM32L0xx_HAL_Driver/Src/stm32l0xx_hal_gpio.o
                0x0000000008003464                HAL_GPIO_WritePin
 .text.I2C_Flush_TXDR
                0x0000000008003470       0x1c ./Drivers/STM32L0xx_HAL_Driver/Src/stm32l0xx_hal_i2c.o
 .text.I2C_TransferConfig
                0x000000000800348c       0x2c ./Drivers/STM32L0xx_HAL_Driver/Src/stm32l0xx_hal_i2c.o
 .text.I2C_IsErrorOccurred
                0x00000000080034b8      0x104 ./Drivers/STM32L0xx_HAL_Driver/Src/stm32l0xx_hal_i2c.o
 .text.I2C_WaitOnTXISFlagUntilTimeout
                0x00000000080035bc       0x5a ./Drivers/STM32L0xx_HAL_Driver/Src/stm32l0xx_hal_i2c.o
 .text.I2C_WaitOnFlagUntilTimeout
                0x0000000008003616       0x60 ./Drivers/STM32L0xx_HAL_Driver/Src/stm32l0xx_hal_i2c.o
 .text.I2C_WaitOnSTOPFlagUntilTimeout
                0x0000000008003676       0x54 ./Drivers/STM32L0xx_HAL_Driver/Src/stm32l0xx_hal_i2c.o
 *fill*         0x00000000080036ca        0x2 
 .text.HAL_I2C_Init
                0x00000000080036cc       0xac ./Drivers/STM32L0xx_HAL_Driver/Src/stm32l0xx_hal_i2c.o
                0x00000000080036cc                HAL_I2C_Init
 .text.HAL_I2C_Master_Transmit
                0x0000000008003778      0x124 ./Drivers/STM32L0xx_HAL_Driver/Src/stm32l0xx_hal_i2c.o
                0x0000000008003778                HAL_I2C_Master_Transmit
 .text.HAL_I2CEx_ConfigAnalogFilter
                0x000000000800389c       0x4c ./Drivers/STM32L0xx_HAL_Driver/Src/stm32l0xx_hal_i2c_ex.o
                0x000000000800389c                HAL_I2CEx_ConfigAnalogFilter
 .text.HAL_I2CEx_ConfigDigitalFilter
                0x00000000080038e8       0x48 ./Drivers/STM32L0xx_HAL_Driver/Src/stm32l0xx_hal_i2c_ex.o
                0x00000000080038e8                HAL_I2CEx_ConfigDigitalFilter
 .text.HAL_RCC_GetSysClockFreq
                0x0000000008003930       0x90 ./Drivers/STM32L0xx_HAL_Driver/Src/stm32l0xx_hal_rcc.o
                0x0000000008003930                HAL_RCC_GetSysClockFreq
 .text.HAL_RCC_OscConfig
                0x00000000080039c0      0x514 ./Drivers/STM32L0xx_HAL_Driver/Src/stm32l0xx_hal_rcc.o
                0x00000000080039c0                HAL_RCC_OscConfig
 .text.HAL_RCC_ClockConfig
                0x0000000008003ed4      0x19c ./Drivers/STM32L0xx_HAL_Driver/Src/stm32l0xx_hal_rcc.o
                0x0000000008003ed4                HAL_RCC_ClockConfig
 .text.HAL_RCC_GetPCLK1Freq
                0x0000000008004070       0x20 ./Drivers/STM32L0xx_HAL_Driver/Src/stm32l0xx_hal_rcc.o
                0x0000000008004070                HAL_RCC_GetPCLK1Freq
 .text.HAL_RCC_GetPCLK2Freq
                0x0000000008004090       0x20 ./Drivers/STM32L0xx_HAL_Driver/Src/stm32l0xx_hal_rcc.o
                0x0000000008004090                HAL_RCC_GetPCLK2Freq
 .text.HAL_RCCEx_PeriphCLKConfig
                0x00000000080040b0      0x208 ./Drivers/STM32L0xx_HAL_Driver/Src/stm32l0xx_hal_rcc_ex.o
                0x00000000080040b0                HAL_RCCEx_PeriphCLKConfig
 .text.UART_EndRxTransfer
                0x00000000080042b8       0x5c ./Drivers/STM32L0xx_HAL_Driver/Src/stm32l0xx_hal_uart.o
 .text.HAL_UART_TxCpltCallback
                0x0000000008004314        0x2 ./Drivers/STM32L0xx_HAL_Driver/Src/stm32l0xx_hal_uart.o
                0x0000000008004314                HAL_UART_TxCpltCallback
 .text.HAL_UART_RxCpltCallback
                0x0000000008004316        0x2 ./Drivers/STM32L0xx_HAL_Driver/Src/stm32l0xx_hal_uart.o
                0x0000000008004316                HAL_UART_RxCpltCallback
 .text.HAL_UART_ErrorCallback
                0x0000000008004318        0x2 ./Drivers/STM32L0xx_HAL_Driver/Src/stm32l0xx_hal_uart.o
                0x0000000008004318                HAL_UART_ErrorCallback
 .text.UART_DMAAbortOnError
                0x000000000800431a       0x16 ./Drivers/STM32L0xx_HAL_Driver/Src/stm32l0xx_hal_uart.o
 .text.HAL_UART_IRQHandler
                0x0000000008004330      0x2c8 ./Drivers/STM32L0xx_HAL_Driver/Src/stm32l0xx_hal_uart.o
                0x0000000008004330                HAL_UART_IRQHandler
 .text.UART_RxISR_8BIT
                0x00000000080045f8       0xe0 ./Drivers/STM32L0xx_HAL_Driver/Src/stm32l0xx_hal_uart.o
 .text.UART_RxISR_16BIT
                0x00000000080046d8       0xdc ./Drivers/STM32L0xx_HAL_Driver/Src/stm32l0xx_hal_uart.o
 .text.UART_SetConfig
                0x00000000080047b4      0x234 ./Drivers/STM32L0xx_HAL_Driver/Src/stm32l0xx_hal_uart.o
                0x00000000080047b4                UART_SetConfig
 .text.UART_AdvFeatureConfig
                0x00000000080049e8       0xd0 ./Drivers/STM32L0xx_HAL_Driver/Src/stm32l0xx_hal_uart.o
                0x00000000080049e8                UART_AdvFeatureConfig
 .text.UART_WaitOnFlagUntilTimeout
                0x0000000008004ab8       0x8a ./Drivers/STM32L0xx_HAL_Driver/Src/stm32l0xx_hal_uart.o
                0x0000000008004ab8                UART_WaitOnFlagUntilTimeout
 .text.HAL_UART_Transmit
                0x0000000008004b42       0xce ./Drivers/STM32L0xx_HAL_Driver/Src/stm32l0xx_hal_uart.o
                0x0000000008004b42                HAL_UART_Transmit
 .text.UART_CheckIdleState
                0x0000000008004c10       0xc0 ./Drivers/STM32L0xx_HAL_Driver/Src/stm32l0xx_hal_uart.o
                0x0000000008004c10                UART_CheckIdleState
 .text.HAL_UART_Init
                0x0000000008004cd0       0x64 ./Drivers/STM32L0xx_HAL_Driver/Src/stm32l0xx_hal_uart.o
                0x0000000008004cd0                HAL_UART_Init
 .text.UART_Start_Receive_IT
                0x0000000008004d34       0xcc ./Drivers/STM32L0xx_HAL_Driver/Src/stm32l0xx_hal_uart.o
                0x0000000008004d34                UART_Start_Receive_IT
 .text.HAL_RS485Ex_Init
                0x0000000008004e00       0x84 ./Drivers/STM32L0xx_HAL_Driver/Src/stm32l0xx_hal_uart_ex.o
                0x0000000008004e00                HAL_RS485Ex_Init
 .text.HAL_UARTEx_WakeupCallback
                0x0000000008004e84        0x2 ./Drivers/STM32L0xx_HAL_Driver/Src/stm32l0xx_hal_uart_ex.o
                0x0000000008004e84                HAL_UARTEx_WakeupCallback
 .text.HAL_UARTEx_ReceiveToIdle_IT
                0x0000000008004e86       0x62 ./Drivers/STM32L0xx_HAL_Driver/Src/stm32l0xx_hal_uart_ex.o
                0x0000000008004e86                HAL_UARTEx_ReceiveToIdle_IT
 .text.__cvt    0x0000000008004ee8       0xc6 C:/ST/STM32CubeIDE_1.3.0.20_H72xH73xWL-A1/STM32CubeIDE/plugins/com.st.stm32cube.ide.mcu.externaltools.gnu-tools-for-stm32.11.3.rel1.win32_1.1.100.202309141235/tools/bin/../lib/gcc/arm-none-eabi/11.3.1/../../../../arm-none-eabi/lib/thumb/v6-m/nofp\libc_nano.a(libc_a-nano-vfprintf_float.o)
                0x0000000008004ee8                __cvt
 .text.__exponent
                0x0000000008004fae       0x8a C:/ST/STM32CubeIDE_1.3.0.20_H72xH73xWL-A1/STM32CubeIDE/plugins/com.st.stm32cube.ide.mcu.externaltools.gnu-tools-for-stm32.11.3.rel1.win32_1.1.100.202309141235/tools/bin/../lib/gcc/arm-none-eabi/11.3.1/../../../../arm-none-eabi/lib/thumb/v6-m/nofp\libc_nano.a(libc_a-nano-vfprintf_float.o)
                0x0000000008004fae                __exponent
 .text._printf_float
                0x0000000008005038      0x4ac C:/ST/STM32CubeIDE_1.3.0.20_H72xH73xWL-A1/STM32CubeIDE/plugins/com.st.stm32cube.ide.mcu.externaltools.gnu-tools-for-stm32.11.3.rel1.win32_1.1.100.202309141235/tools/bin/../lib/gcc/arm-none-eabi/11.3.1/../../../../arm-none-eabi/lib/thumb/v6-m/nofp\libc_nano.a(libc_a-nano-vfprintf_float.o)
                0x0000000008005038                _printf_float
 .text._printf_common
                0x00000000080054e4       0xde C:/ST/STM32CubeIDE_1.3.0.20_H72xH73xWL-A1/STM32CubeIDE/plugins/com.st.stm32cube.ide.mcu.externaltools.gnu-tools-for-stm32.11.3.rel1.win32_1.1.100.202309141235/tools/bin/../lib/gcc/arm-none-eabi/11.3.1/../../../../arm-none-eabi/lib/thumb/v6-m/nofp\libc_nano.a(libc_a-nano-vfprintf_i.o)
                0x00000000080054e4                _printf_common
 *fill*         0x00000000080055c2        0x2 
 .text._printf_i
                0x00000000080055c4      0x220 C:/ST/STM32CubeIDE_1.3.0.20_H72xH73xWL-A1/STM32CubeIDE/plugins/com.st.stm32cube.ide.mcu.externaltools.gnu-tools-for-stm32.11.3.rel1.win32_1.1.100.202309141235/tools/bin/../lib/gcc/arm-none-eabi/11.3.1/../../../../arm-none-eabi/lib/thumb/v6-m/nofp\libc_nano.a(libc_a-nano-vfprintf_i.o)
                0x00000000080055c4                _printf_i
 .text._scanf_float
                0x00000000080057e4      0x410 C:/ST/STM32CubeIDE_1.3.0.20_H72xH73xWL-A1/STM32CubeIDE/plugins/com.st.stm32cube.ide.mcu.externaltools.gnu-tools-for-stm32.11.3.rel1.win32_1.1.100.202309141235/tools/bin/../lib/gcc/arm-none-eabi/11.3.1/../../../../arm-none-eabi/lib/thumb/v6-m/nofp\libc_nano.a(libc_a-nano-vfscanf_float.o)
                0x00000000080057e4                _scanf_float
 .text.std      0x0000000008005bf4       0x6c C:/ST/STM32CubeIDE_1.3.0.20_H72xH73xWL-A1/STM32CubeIDE/plugins/com.st.stm32cube.ide.mcu.externaltools.gnu-tools-for-stm32.11.3.rel1.win32_1.1.100.202309141235/tools/bin/../lib/gcc/arm-none-eabi/11.3.1/../../../../arm-none-eabi/lib/thumb/v6-m/nofp\libc_nano.a(libc_a-findfp.o)
 .text.stdio_exit_handler
                0x0000000008005c60       0x1c C:/ST/STM32CubeIDE_1.3.0.20_H72xH73xWL-A1/STM32CubeIDE/plugins/com.st.stm32cube.ide.mcu.externaltools.gnu-tools-for-stm32.11.3.rel1.win32_1.1.100.202309141235/tools/bin/../lib/gcc/arm-none-eabi/11.3.1/../../../../arm-none-eabi/lib/thumb/v6-m/nofp\libc_nano.a(libc_a-findfp.o)
 .text.cleanup_stdio
                0x0000000008005c7c       0x3c C:/ST/STM32CubeIDE_1.3.0.20_H72xH73xWL-A1/STM32CubeIDE/plugins/com.st.stm32cube.ide.mcu.externaltools.gnu-tools-for-stm32.11.3.rel1.win32_1.1.100.202309141235/tools/bin/../lib/gcc/arm-none-eabi/11.3.1/../../../../arm-none-eabi/lib/thumb/v6-m/nofp\libc_nano.a(libc_a-findfp.o)
 .text.global_stdio_init.part.0
                0x0000000008005cb8       0x3c C:/ST/STM32CubeIDE_1.3.0.20_H72xH73xWL-A1/STM32CubeIDE/plugins/com.st.stm32cube.ide.mcu.externaltools.gnu-tools-for-stm32.11.3.rel1.win32_1.1.100.202309141235/tools/bin/../lib/gcc/arm-none-eabi/11.3.1/../../../../arm-none-eabi/lib/thumb/v6-m/nofp\libc_nano.a(libc_a-findfp.o)
 .text.__sfp_lock_acquire
                0x0000000008005cf4       0x10 C:/ST/STM32CubeIDE_1.3.0.20_H72xH73xWL-A1/STM32CubeIDE/plugins/com.st.stm32cube.ide.mcu.externaltools.gnu-tools-for-stm32.11.3.rel1.win32_1.1.100.202309141235/tools/bin/../lib/gcc/arm-none-eabi/11.3.1/../../../../arm-none-eabi/lib/thumb/v6-m/nofp\libc_nano.a(libc_a-findfp.o)
                0x0000000008005cf4                __sfp_lock_acquire
 .text.__sfp_lock_release
                0x0000000008005d04       0x10 C:/ST/STM32CubeIDE_1.3.0.20_H72xH73xWL-A1/STM32CubeIDE/plugins/com.st.stm32cube.ide.mcu.externaltools.gnu-tools-for-stm32.11.3.rel1.win32_1.1.100.202309141235/tools/bin/../lib/gcc/arm-none-eabi/11.3.1/../../../../arm-none-eabi/lib/thumb/v6-m/nofp\libc_nano.a(libc_a-findfp.o)
                0x0000000008005d04                __sfp_lock_release
 .text.__sinit  0x0000000008005d14       0x30 C:/ST/STM32CubeIDE_1.3.0.20_H72xH73xWL-A1/STM32CubeIDE/plugins/com.st.stm32cube.ide.mcu.externaltools.gnu-tools-for-stm32.11.3.rel1.win32_1.1.100.202309141235/tools/bin/../lib/gcc/arm-none-eabi/11.3.1/../../../../arm-none-eabi/lib/thumb/v6-m/nofp\libc_nano.a(libc_a-findfp.o)
                0x0000000008005d14                __sinit
 .text._fwalk_sglue
                0x0000000008005d44       0x38 C:/ST/STM32CubeIDE_1.3.0.20_H72xH73xWL-A1/STM32CubeIDE/plugins/com.st.stm32cube.ide.mcu.externaltools.gnu-tools-for-stm32.11.3.rel1.win32_1.1.100.202309141235/tools/bin/../lib/gcc/arm-none-eabi/11.3.1/../../../../arm-none-eabi/lib/thumb/v6-m/nofp\libc_nano.a(libc_a-fwalk.o)
                0x0000000008005d44                _fwalk_sglue
 .text.putchar  0x0000000008005d7c       0x14 C:/ST/STM32CubeIDE_1.3.0.20_H72xH73xWL-A1/STM32CubeIDE/plugins/com.st.stm32cube.ide.mcu.externaltools.gnu-tools-for-stm32.11.3.rel1.win32_1.1.100.202309141235/tools/bin/../lib/gcc/arm-none-eabi/11.3.1/../../../../arm-none-eabi/lib/thumb/v6-m/nofp\libc_nano.a(libc_a-putchar.o)
                0x0000000008005d7c                putchar
 .text._puts_r  0x0000000008005d90       0xac C:/ST/STM32CubeIDE_1.3.0.20_H72xH73xWL-A1/STM32CubeIDE/plugins/com.st.stm32cube.ide.mcu.externaltools.gnu-tools-for-stm32.11.3.rel1.win32_1.1.100.202309141235/tools/bin/../lib/gcc/arm-none-eabi/11.3.1/../../../../arm-none-eabi/lib/thumb/v6-m/nofp\libc_nano.a(libc_a-puts.o)
                0x0000000008005d90                _puts_r
 .text.puts     0x0000000008005e3c       0x14 C:/ST/STM32CubeIDE_1.3.0.20_H72xH73xWL-A1/STM32CubeIDE/plugins/com.st.stm32cube.ide.mcu.externaltools.gnu-tools-for-stm32.11.3.rel1.win32_1.1.100.202309141235/tools/bin/../lib/gcc/arm-none-eabi/11.3.1/../../../../arm-none-eabi/lib/thumb/v6-m/nofp\libc_nano.a(libc_a-puts.o)
                0x0000000008005e3c                puts
 .text.sprintf  0x0000000008005e50       0x40 C:/ST/STM32CubeIDE_1.3.0.20_H72xH73xWL-A1/STM32CubeIDE/plugins/com.st.stm32cube.ide.mcu.externaltools.gnu-tools-for-stm32.11.3.rel1.win32_1.1.100.202309141235/tools/bin/../lib/gcc/arm-none-eabi/11.3.1/../../../../arm-none-eabi/lib/thumb/v6-m/nofp\libc_nano.a(libc_a-sprintf.o)
                0x0000000008005e50                siprintf
                0x0000000008005e50                sprintf
 .text.__sread  0x0000000008005e90       0x28 C:/ST/STM32CubeIDE_1.3.0.20_H72xH73xWL-A1/STM32CubeIDE/plugins/com.st.stm32cube.ide.mcu.externaltools.gnu-tools-for-stm32.11.3.rel1.win32_1.1.100.202309141235/tools/bin/../lib/gcc/arm-none-eabi/11.3.1/../../../../arm-none-eabi/lib/thumb/v6-m/nofp\libc_nano.a(libc_a-stdio.o)
                0x0000000008005e90                __sread
 .text.__swrite
                0x0000000008005eb8       0x38 C:/ST/STM32CubeIDE_1.3.0.20_H72xH73xWL-A1/STM32CubeIDE/plugins/com.st.stm32cube.ide.mcu.externaltools.gnu-tools-for-stm32.11.3.rel1.win32_1.1.100.202309141235/tools/bin/../lib/gcc/arm-none-eabi/11.3.1/../../../../arm-none-eabi/lib/thumb/v6-m/nofp\libc_nano.a(libc_a-stdio.o)
                0x0000000008005eb8                __swrite
 .text.__sseek  0x0000000008005ef0       0x2c C:/ST/STM32CubeIDE_1.3.0.20_H72xH73xWL-A1/STM32CubeIDE/plugins/com.st.stm32cube.ide.mcu.externaltools.gnu-tools-for-stm32.11.3.rel1.win32_1.1.100.202309141235/tools/bin/../lib/gcc/arm-none-eabi/11.3.1/../../../../arm-none-eabi/lib/thumb/v6-m/nofp\libc_nano.a(libc_a-stdio.o)
                0x0000000008005ef0                __sseek
 .text.__sclose
                0x0000000008005f1c        0xc C:/ST/STM32CubeIDE_1.3.0.20_H72xH73xWL-A1/STM32CubeIDE/plugins/com.st.stm32cube.ide.mcu.externaltools.gnu-tools-for-stm32.11.3.rel1.win32_1.1.100.202309141235/tools/bin/../lib/gcc/arm-none-eabi/11.3.1/../../../../arm-none-eabi/lib/thumb/v6-m/nofp\libc_nano.a(libc_a-stdio.o)
                0x0000000008005f1c                __sclose
 .text.__swbuf_r
                0x0000000008005f28       0x84 C:/ST/STM32CubeIDE_1.3.0.20_H72xH73xWL-A1/STM32CubeIDE/plugins/com.st.stm32cube.ide.mcu.externaltools.gnu-tools-for-stm32.11.3.rel1.win32_1.1.100.202309141235/tools/bin/../lib/gcc/arm-none-eabi/11.3.1/../../../../arm-none-eabi/lib/thumb/v6-m/nofp\libc_nano.a(libc_a-wbuf.o)
                0x0000000008005f28                __swbuf_r
 .text.__swsetup_r
                0x0000000008005fac       0xc8 C:/ST/STM32CubeIDE_1.3.0.20_H72xH73xWL-A1/STM32CubeIDE/plugins/com.st.stm32cube.ide.mcu.externaltools.gnu-tools-for-stm32.11.3.rel1.win32_1.1.100.202309141235/tools/bin/../lib/gcc/arm-none-eabi/11.3.1/../../../../arm-none-eabi/lib/thumb/v6-m/nofp\libc_nano.a(libc_a-wsetup.o)
                0x0000000008005fac                __swsetup_r
 .text.memset   0x0000000008006074       0x10 C:/ST/STM32CubeIDE_1.3.0.20_H72xH73xWL-A1/STM32CubeIDE/plugins/com.st.stm32cube.ide.mcu.externaltools.gnu-tools-for-stm32.11.3.rel1.win32_1.1.100.202309141235/tools/bin/../lib/gcc/arm-none-eabi/11.3.1/../../../../arm-none-eabi/lib/thumb/v6-m/nofp\libc_nano.a(libc_a-memset.o)
                0x0000000008006074                memset
 .text._localeconv_r
                0x0000000008006084        0x8 C:/ST/STM32CubeIDE_1.3.0.20_H72xH73xWL-A1/STM32CubeIDE/plugins/com.st.stm32cube.ide.mcu.externaltools.gnu-tools-for-stm32.11.3.rel1.win32_1.1.100.202309141235/tools/bin/../lib/gcc/arm-none-eabi/11.3.1/../../../../arm-none-eabi/lib/thumb/v6-m/nofp\libc_nano.a(libc_a-localeconv.o)
                0x0000000008006084                _localeconv_r
 .text._close_r
                0x000000000800608c       0x24 C:/ST/STM32CubeIDE_1.3.0.20_H72xH73xWL-A1/STM32CubeIDE/plugins/com.st.stm32cube.ide.mcu.externaltools.gnu-tools-for-stm32.11.3.rel1.win32_1.1.100.202309141235/tools/bin/../lib/gcc/arm-none-eabi/11.3.1/../../../../arm-none-eabi/lib/thumb/v6-m/nofp\libc_nano.a(libc_a-closer.o)
                0x000000000800608c                _close_r
 .text._lseek_r
                0x00000000080060b0       0x28 C:/ST/STM32CubeIDE_1.3.0.20_H72xH73xWL-A1/STM32CubeIDE/plugins/com.st.stm32cube.ide.mcu.externaltools.gnu-tools-for-stm32.11.3.rel1.win32_1.1.100.202309141235/tools/bin/../lib/gcc/arm-none-eabi/11.3.1/../../../../arm-none-eabi/lib/thumb/v6-m/nofp\libc_nano.a(libc_a-lseekr.o)
                0x00000000080060b0                _lseek_r
 .text._read_r  0x00000000080060d8       0x28 C:/ST/STM32CubeIDE_1.3.0.20_H72xH73xWL-A1/STM32CubeIDE/plugins/com.st.stm32cube.ide.mcu.externaltools.gnu-tools-for-stm32.11.3.rel1.win32_1.1.100.202309141235/tools/bin/../lib/gcc/arm-none-eabi/11.3.1/../../../../arm-none-eabi/lib/thumb/v6-m/nofp\libc_nano.a(libc_a-readr.o)
                0x00000000080060d8                _read_r
 .text._write_r
                0x0000000008006100       0x28 C:/ST/STM32CubeIDE_1.3.0.20_H72xH73xWL-A1/STM32CubeIDE/plugins/com.st.stm32cube.ide.mcu.externaltools.gnu-tools-for-stm32.11.3.rel1.win32_1.1.100.202309141235/tools/bin/../lib/gcc/arm-none-eabi/11.3.1/../../../../arm-none-eabi/lib/thumb/v6-m/nofp\libc_nano.a(libc_a-writer.o)
                0x0000000008006100                _write_r
 .text.__errno  0x0000000008006128        0xc C:/ST/STM32CubeIDE_1.3.0.20_H72xH73xWL-A1/STM32CubeIDE/plugins/com.st.stm32cube.ide.mcu.externaltools.gnu-tools-for-stm32.11.3.rel1.win32_1.1.100.202309141235/tools/bin/../lib/gcc/arm-none-eabi/11.3.1/../../../../arm-none-eabi/lib/thumb/v6-m/nofp\libc_nano.a(libc_a-errno.o)
                0x0000000008006128                __errno
 .text.__libc_init_array
                0x0000000008006134       0x48 C:/ST/STM32CubeIDE_1.3.0.20_H72xH73xWL-A1/STM32CubeIDE/plugins/com.st.stm32cube.ide.mcu.externaltools.gnu-tools-for-stm32.11.3.rel1.win32_1.1.100.202309141235/tools/bin/../lib/gcc/arm-none-eabi/11.3.1/../../../../arm-none-eabi/lib/thumb/v6-m/nofp\libc_nano.a(libc_a-init.o)
                0x0000000008006134                __libc_init_array
 .text.__retarget_lock_init_recursive
                0x000000000800617c        0x2 C:/ST/STM32CubeIDE_1.3.0.20_H72xH73xWL-A1/STM32CubeIDE/plugins/com.st.stm32cube.ide.mcu.externaltools.gnu-tools-for-stm32.11.3.rel1.win32_1.1.100.202309141235/tools/bin/../lib/gcc/arm-none-eabi/11.3.1/../../../../arm-none-eabi/lib/thumb/v6-m/nofp\libc_nano.a(libc_a-lock.o)
                0x000000000800617c                __retarget_lock_init_recursive
 .text.__retarget_lock_acquire_recursive
                0x000000000800617e        0x2 C:/ST/STM32CubeIDE_1.3.0.20_H72xH73xWL-A1/STM32CubeIDE/plugins/com.st.stm32cube.ide.mcu.externaltools.gnu-tools-for-stm32.11.3.rel1.win32_1.1.100.202309141235/tools/bin/../lib/gcc/arm-none-eabi/11.3.1/../../../../arm-none-eabi/lib/thumb/v6-m/nofp\libc_nano.a(libc_a-lock.o)
                0x000000000800617e                __retarget_lock_acquire_recursive
 .text.__retarget_lock_release_recursive
                0x0000000008006180        0x2 C:/ST/STM32CubeIDE_1.3.0.20_H72xH73xWL-A1/STM32CubeIDE/plugins/com.st.stm32cube.ide.mcu.externaltools.gnu-tools-for-stm32.11.3.rel1.win32_1.1.100.202309141235/tools/bin/../lib/gcc/arm-none-eabi/11.3.1/../../../../arm-none-eabi/lib/thumb/v6-m/nofp\libc_nano.a(libc_a-lock.o)
                0x0000000008006180                __retarget_lock_release_recursive
 .text.memchr   0x0000000008006182       0x16 C:/ST/STM32CubeIDE_1.3.0.20_H72xH73xWL-A1/STM32CubeIDE/plugins/com.st.stm32cube.ide.mcu.externaltools.gnu-tools-for-stm32.11.3.rel1.win32_1.1.100.202309141235/tools/bin/../lib/gcc/arm-none-eabi/11.3.1/../../../../arm-none-eabi/lib/thumb/v6-m/nofp\libc_nano.a(libc_a-memchr-stub.o)
                0x0000000008006182                memchr
 .text.nanf     0x0000000008006198        0x8 C:/ST/STM32CubeIDE_1.3.0.20_H72xH73xWL-A1/STM32CubeIDE/plugins/com.st.stm32cube.ide.mcu.externaltools.gnu-tools-for-stm32.11.3.rel1.win32_1.1.100.202309141235/tools/bin/../lib/gcc/arm-none-eabi/11.3.1/../../../../arm-none-eabi/lib/thumb/v6-m/nofp\libc_nano.a(libm_a-sf_nan.o)
                0x0000000008006198                nanf
 .text.quorem   0x00000000080061a0      0x11e C:/ST/STM32CubeIDE_1.3.0.20_H72xH73xWL-A1/STM32CubeIDE/plugins/com.st.stm32cube.ide.mcu.externaltools.gnu-tools-for-stm32.11.3.rel1.win32_1.1.100.202309141235/tools/bin/../lib/gcc/arm-none-eabi/11.3.1/../../../../arm-none-eabi/lib/thumb/v6-m/nofp\libc_nano.a(libc_a-dtoa.o)
 *fill*         0x00000000080062be        0x2 
 .text._dtoa_r  0x00000000080062c0      0xc1c C:/ST/STM32CubeIDE_1.3.0.20_H72xH73xWL-A1/STM32CubeIDE/plugins/com.st.stm32cube.ide.mcu.externaltools.gnu-tools-for-stm32.11.3.rel1.win32_1.1.100.202309141235/tools/bin/../lib/gcc/arm-none-eabi/11.3.1/../../../../arm-none-eabi/lib/thumb/v6-m/nofp\libc_nano.a(libc_a-dtoa.o)
                0x00000000080062c0                _dtoa_r
 .text._free_r  0x0000000008006edc       0x94 C:/ST/STM32CubeIDE_1.3.0.20_H72xH73xWL-A1/STM32CubeIDE/plugins/com.st.stm32cube.ide.mcu.externaltools.gnu-tools-for-stm32.11.3.rel1.win32_1.1.100.202309141235/tools/bin/../lib/gcc/arm-none-eabi/11.3.1/../../../../arm-none-eabi/lib/thumb/v6-m/nofp\libc_nano.a(libc_a-freer.o)
                0x0000000008006edc                _free_r
 .text.malloc   0x0000000008006f70       0x14 C:/ST/STM32CubeIDE_1.3.0.20_H72xH73xWL-A1/STM32CubeIDE/plugins/com.st.stm32cube.ide.mcu.externaltools.gnu-tools-for-stm32.11.3.rel1.win32_1.1.100.202309141235/tools/bin/../lib/gcc/arm-none-eabi/11.3.1/../../../../arm-none-eabi/lib/thumb/v6-m/nofp\libc_nano.a(libc_a-malloc.o)
                0x0000000008006f70                malloc
 .text.sbrk_aligned
                0x0000000008006f84       0x44 C:/ST/STM32CubeIDE_1.3.0.20_H72xH73xWL-A1/STM32CubeIDE/plugins/com.st.stm32cube.ide.mcu.externaltools.gnu-tools-for-stm32.11.3.rel1.win32_1.1.100.202309141235/tools/bin/../lib/gcc/arm-none-eabi/11.3.1/../../../../arm-none-eabi/lib/thumb/v6-m/nofp\libc_nano.a(libc_a-mallocr.o)
 .text._malloc_r
                0x0000000008006fc8      0x104 C:/ST/STM32CubeIDE_1.3.0.20_H72xH73xWL-A1/STM32CubeIDE/plugins/com.st.stm32cube.ide.mcu.externaltools.gnu-tools-for-stm32.11.3.rel1.win32_1.1.100.202309141235/tools/bin/../lib/gcc/arm-none-eabi/11.3.1/../../../../arm-none-eabi/lib/thumb/v6-m/nofp\libc_nano.a(libc_a-mallocr.o)
                0x0000000008006fc8                _malloc_r
 .text.__malloc_lock
                0x00000000080070cc       0x10 C:/ST/STM32CubeIDE_1.3.0.20_H72xH73xWL-A1/STM32CubeIDE/plugins/com.st.stm32cube.ide.mcu.externaltools.gnu-tools-for-stm32.11.3.rel1.win32_1.1.100.202309141235/tools/bin/../lib/gcc/arm-none-eabi/11.3.1/../../../../arm-none-eabi/lib/thumb/v6-m/nofp\libc_nano.a(libc_a-mlock.o)
                0x00000000080070cc                __malloc_lock
 .text.__malloc_unlock
                0x00000000080070dc       0x10 C:/ST/STM32CubeIDE_1.3.0.20_H72xH73xWL-A1/STM32CubeIDE/plugins/com.st.stm32cube.ide.mcu.externaltools.gnu-tools-for-stm32.11.3.rel1.win32_1.1.100.202309141235/tools/bin/../lib/gcc/arm-none-eabi/11.3.1/../../../../arm-none-eabi/lib/thumb/v6-m/nofp\libc_nano.a(libc_a-mlock.o)
                0x00000000080070dc                __malloc_unlock
 .text._Balloc  0x00000000080070ec       0x88 C:/ST/STM32CubeIDE_1.3.0.20_H72xH73xWL-A1/STM32CubeIDE/plugins/com.st.stm32cube.ide.mcu.externaltools.gnu-tools-for-stm32.11.3.rel1.win32_1.1.100.202309141235/tools/bin/../lib/gcc/arm-none-eabi/11.3.1/../../../../arm-none-eabi/lib/thumb/v6-m/nofp\libc_nano.a(libc_a-mprec.o)
                0x00000000080070ec                _Balloc
 .text._Bfree   0x0000000008007174       0x48 C:/ST/STM32CubeIDE_1.3.0.20_H72xH73xWL-A1/STM32CubeIDE/plugins/com.st.stm32cube.ide.mcu.externaltools.gnu-tools-for-stm32.11.3.rel1.win32_1.1.100.202309141235/tools/bin/../lib/gcc/arm-none-eabi/11.3.1/../../../../arm-none-eabi/lib/thumb/v6-m/nofp\libc_nano.a(libc_a-mprec.o)
                0x0000000008007174                _Bfree
 .text.__multadd
                0x00000000080071bc       0x88 C:/ST/STM32CubeIDE_1.3.0.20_H72xH73xWL-A1/STM32CubeIDE/plugins/com.st.stm32cube.ide.mcu.externaltools.gnu-tools-for-stm32.11.3.rel1.win32_1.1.100.202309141235/tools/bin/../lib/gcc/arm-none-eabi/11.3.1/../../../../arm-none-eabi/lib/thumb/v6-m/nofp\libc_nano.a(libc_a-mprec.o)
                0x00000000080071bc                __multadd
 .text.__s2b    0x0000000008007244       0x98 C:/ST/STM32CubeIDE_1.3.0.20_H72xH73xWL-A1/STM32CubeIDE/plugins/com.st.stm32cube.ide.mcu.externaltools.gnu-tools-for-stm32.11.3.rel1.win32_1.1.100.202309141235/tools/bin/../lib/gcc/arm-none-eabi/11.3.1/../../../../arm-none-eabi/lib/thumb/v6-m/nofp\libc_nano.a(libc_a-mprec.o)
                0x0000000008007244                __s2b
 .text.__hi0bits
                0x00000000080072dc       0x34 C:/ST/STM32CubeIDE_1.3.0.20_H72xH73xWL-A1/STM32CubeIDE/plugins/com.st.stm32cube.ide.mcu.externaltools.gnu-tools-for-stm32.11.3.rel1.win32_1.1.100.202309141235/tools/bin/../lib/gcc/arm-none-eabi/11.3.1/../../../../arm-none-eabi/lib/thumb/v6-m/nofp\libc_nano.a(libc_a-mprec.o)
                0x00000000080072dc                __hi0bits
 .text.__lo0bits
                0x0000000008007310       0x5c C:/ST/STM32CubeIDE_1.3.0.20_H72xH73xWL-A1/STM32CubeIDE/plugins/com.st.stm32cube.ide.mcu.externaltools.gnu-tools-for-stm32.11.3.rel1.win32_1.1.100.202309141235/tools/bin/../lib/gcc/arm-none-eabi/11.3.1/../../../../arm-none-eabi/lib/thumb/v6-m/nofp\libc_nano.a(libc_a-mprec.o)
                0x0000000008007310                __lo0bits
 .text.__i2b    0x000000000800736c       0x30 C:/ST/STM32CubeIDE_1.3.0.20_H72xH73xWL-A1/STM32CubeIDE/plugins/com.st.stm32cube.ide.mcu.externaltools.gnu-tools-for-stm32.11.3.rel1.win32_1.1.100.202309141235/tools/bin/../lib/gcc/arm-none-eabi/11.3.1/../../../../arm-none-eabi/lib/thumb/v6-m/nofp\libc_nano.a(libc_a-mprec.o)
                0x000000000800736c                __i2b
 .text.__multiply
                0x000000000800739c      0x160 C:/ST/STM32CubeIDE_1.3.0.20_H72xH73xWL-A1/STM32CubeIDE/plugins/com.st.stm32cube.ide.mcu.externaltools.gnu-tools-for-stm32.11.3.rel1.win32_1.1.100.202309141235/tools/bin/../lib/gcc/arm-none-eabi/11.3.1/../../../../arm-none-eabi/lib/thumb/v6-m/nofp\libc_nano.a(libc_a-mprec.o)
                0x000000000800739c                __multiply
 .text.__pow5mult
                0x00000000080074fc       0xb8 C:/ST/STM32CubeIDE_1.3.0.20_H72xH73xWL-A1/STM32CubeIDE/plugins/com.st.stm32cube.ide.mcu.externaltools.gnu-tools-for-stm32.11.3.rel1.win32_1.1.100.202309141235/tools/bin/../lib/gcc/arm-none-eabi/11.3.1/../../../../arm-none-eabi/lib/thumb/v6-m/nofp\libc_nano.a(libc_a-mprec.o)
                0x00000000080074fc                __pow5mult
 .text.__lshift
                0x00000000080075b4       0xdc C:/ST/STM32CubeIDE_1.3.0.20_H72xH73xWL-A1/STM32CubeIDE/plugins/com.st.stm32cube.ide.mcu.externaltools.gnu-tools-for-stm32.11.3.rel1.win32_1.1.100.202309141235/tools/bin/../lib/gcc/arm-none-eabi/11.3.1/../../../../arm-none-eabi/lib/thumb/v6-m/nofp\libc_nano.a(libc_a-mprec.o)
                0x00000000080075b4                __lshift
 .text.__mcmp   0x0000000008007690       0x38 C:/ST/STM32CubeIDE_1.3.0.20_H72xH73xWL-A1/STM32CubeIDE/plugins/com.st.stm32cube.ide.mcu.externaltools.gnu-tools-for-stm32.11.3.rel1.win32_1.1.100.202309141235/tools/bin/../lib/gcc/arm-none-eabi/11.3.1/../../../../arm-none-eabi/lib/thumb/v6-m/nofp\libc_nano.a(libc_a-mprec.o)
                0x0000000008007690                __mcmp
 .text.__mdiff  0x00000000080076c8      0x130 C:/ST/STM32CubeIDE_1.3.0.20_H72xH73xWL-A1/STM32CubeIDE/plugins/com.st.stm32cube.ide.mcu.externaltools.gnu-tools-for-stm32.11.3.rel1.win32_1.1.100.202309141235/tools/bin/../lib/gcc/arm-none-eabi/11.3.1/../../../../arm-none-eabi/lib/thumb/v6-m/nofp\libc_nano.a(libc_a-mprec.o)
                0x00000000080076c8                __mdiff
 .text.__ulp    0x00000000080077f8       0x38 C:/ST/STM32CubeIDE_1.3.0.20_H72xH73xWL-A1/STM32CubeIDE/plugins/com.st.stm32cube.ide.mcu.externaltools.gnu-tools-for-stm32.11.3.rel1.win32_1.1.100.202309141235/tools/bin/../lib/gcc/arm-none-eabi/11.3.1/../../../../arm-none-eabi/lib/thumb/v6-m/nofp\libc_nano.a(libc_a-mprec.o)
                0x00000000080077f8                __ulp
 .text.__b2d    0x0000000008007830       0x98 C:/ST/STM32CubeIDE_1.3.0.20_H72xH73xWL-A1/STM32CubeIDE/plugins/com.st.stm32cube.ide.mcu.externaltools.gnu-tools-for-stm32.11.3.rel1.win32_1.1.100.202309141235/tools/bin/../lib/gcc/arm-none-eabi/11.3.1/../../../../arm-none-eabi/lib/thumb/v6-m/nofp\libc_nano.a(libc_a-mprec.o)
                0x0000000008007830                __b2d
 .text.__d2b    0x00000000080078c8       0xc0 C:/ST/STM32CubeIDE_1.3.0.20_H72xH73xWL-A1/STM32CubeIDE/plugins/com.st.stm32cube.ide.mcu.externaltools.gnu-tools-for-stm32.11.3.rel1.win32_1.1.100.202309141235/tools/bin/../lib/gcc/arm-none-eabi/11.3.1/../../../../arm-none-eabi/lib/thumb/v6-m/nofp\libc_nano.a(libc_a-mprec.o)
                0x00000000080078c8                __d2b
 .text.__ratio  0x0000000008007988       0x52 C:/ST/STM32CubeIDE_1.3.0.20_H72xH73xWL-A1/STM32CubeIDE/plugins/com.st.stm32cube.ide.mcu.externaltools.gnu-tools-for-stm32.11.3.rel1.win32_1.1.100.202309141235/tools/bin/../lib/gcc/arm-none-eabi/11.3.1/../../../../arm-none-eabi/lib/thumb/v6-m/nofp\libc_nano.a(libc_a-mprec.o)
                0x0000000008007988                __ratio
 .text.__copybits
                0x00000000080079da       0x42 C:/ST/STM32CubeIDE_1.3.0.20_H72xH73xWL-A1/STM32CubeIDE/plugins/com.st.stm32cube.ide.mcu.externaltools.gnu-tools-for-stm32.11.3.rel1.win32_1.1.100.202309141235/tools/bin/../lib/gcc/arm-none-eabi/11.3.1/../../../../arm-none-eabi/lib/thumb/v6-m/nofp\libc_nano.a(libc_a-mprec.o)
                0x00000000080079da                __copybits
 .text.__any_on
                0x0000000008007a1c       0x46 C:/ST/STM32CubeIDE_1.3.0.20_H72xH73xWL-A1/STM32CubeIDE/plugins/com.st.stm32cube.ide.mcu.externaltools.gnu-tools-for-stm32.11.3.rel1.win32_1.1.100.202309141235/tools/bin/../lib/gcc/arm-none-eabi/11.3.1/../../../../arm-none-eabi/lib/thumb/v6-m/nofp\libc_nano.a(libc_a-mprec.o)
                0x0000000008007a1c                __any_on
 *fill*         0x0000000008007a62        0x2 
 .text.sulp     0x0000000008007a64       0x30 C:/ST/STM32CubeIDE_1.3.0.20_H72xH73xWL-A1/STM32CubeIDE/plugins/com.st.stm32cube.ide.mcu.externaltools.gnu-tools-for-stm32.11.3.rel1.win32_1.1.100.202309141235/tools/bin/../lib/gcc/arm-none-eabi/11.3.1/../../../../arm-none-eabi/lib/thumb/v6-m/nofp\libc_nano.a(libc_a-strtod.o)
 .text._strtod_l
                0x0000000008007a94      0xc14 C:/ST/STM32CubeIDE_1.3.0.20_H72xH73xWL-A1/STM32CubeIDE/plugins/com.st.stm32cube.ide.mcu.externaltools.gnu-tools-for-stm32.11.3.rel1.win32_1.1.100.202309141235/tools/bin/../lib/gcc/arm-none-eabi/11.3.1/../../../../arm-none-eabi/lib/thumb/v6-m/nofp\libc_nano.a(libc_a-strtod.o)
                0x0000000008007a94                _strtod_l
 .text._strtod_r
                0x00000000080086a8       0x10 C:/ST/STM32CubeIDE_1.3.0.20_H72xH73xWL-A1/STM32CubeIDE/plugins/com.st.stm32cube.ide.mcu.externaltools.gnu-tools-for-stm32.11.3.rel1.win32_1.1.100.202309141235/tools/bin/../lib/gcc/arm-none-eabi/11.3.1/../../../../arm-none-eabi/lib/thumb/v6-m/nofp\libc_nano.a(libc_a-strtod.o)
                0x00000000080086a8                _strtod_r
 .text._strtol_l.constprop.0
                0x00000000080086b8      0x10c C:/ST/STM32CubeIDE_1.3.0.20_H72xH73xWL-A1/STM32CubeIDE/plugins/com.st.stm32cube.ide.mcu.externaltools.gnu-tools-for-stm32.11.3.rel1.win32_1.1.100.202309141235/tools/bin/../lib/gcc/arm-none-eabi/11.3.1/../../../../arm-none-eabi/lib/thumb/v6-m/nofp\libc_nano.a(libc_a-strtol.o)
 .text._strtol_r
                0x00000000080087c4        0x8 C:/ST/STM32CubeIDE_1.3.0.20_H72xH73xWL-A1/STM32CubeIDE/plugins/com.st.stm32cube.ide.mcu.externaltools.gnu-tools-for-stm32.11.3.rel1.win32_1.1.100.202309141235/tools/bin/../lib/gcc/arm-none-eabi/11.3.1/../../../../arm-none-eabi/lib/thumb/v6-m/nofp\libc_nano.a(libc_a-strtol.o)
                0x00000000080087c4                _strtol_r
 .text.__ssputs_r
                0x00000000080087cc       0xc4 C:/ST/STM32CubeIDE_1.3.0.20_H72xH73xWL-A1/STM32CubeIDE/plugins/com.st.stm32cube.ide.mcu.externaltools.gnu-tools-for-stm32.11.3.rel1.win32_1.1.100.202309141235/tools/bin/../lib/gcc/arm-none-eabi/11.3.1/../../../../arm-none-eabi/lib/thumb/v6-m/nofp\libc_nano.a(libc_a-nano-svfprintf.o)
                0x00000000080087cc                __ssputs_r
 .text._svfprintf_r
                0x0000000008008890      0x200 C:/ST/STM32CubeIDE_1.3.0.20_H72xH73xWL-A1/STM32CubeIDE/plugins/com.st.stm32cube.ide.mcu.externaltools.gnu-tools-for-stm32.11.3.rel1.win32_1.1.100.202309141235/tools/bin/../lib/gcc/arm-none-eabi/11.3.1/../../../../arm-none-eabi/lib/thumb/v6-m/nofp\libc_nano.a(libc_a-nano-svfprintf.o)
                0x0000000008008890                _svfiprintf_r
                0x0000000008008890                _svfprintf_r
 .text.__sflush_r
                0x0000000008008a90      0x114 C:/ST/STM32CubeIDE_1.3.0.20_H72xH73xWL-A1/STM32CubeIDE/plugins/com.st.stm32cube.ide.mcu.externaltools.gnu-tools-for-stm32.11.3.rel1.win32_1.1.100.202309141235/tools/bin/../lib/gcc/arm-none-eabi/11.3.1/../../../../arm-none-eabi/lib/thumb/v6-m/nofp\libc_nano.a(libc_a-fflush.o)
                0x0000000008008a90                __sflush_r
 .text._fflush_r
                0x0000000008008ba4       0x56 C:/ST/STM32CubeIDE_1.3.0.20_H72xH73xWL-A1/STM32CubeIDE/plugins/com.st.stm32cube.ide.mcu.externaltools.gnu-tools-for-stm32.11.3.rel1.win32_1.1.100.202309141235/tools/bin/../lib/gcc/arm-none-eabi/11.3.1/../../../../arm-none-eabi/lib/thumb/v6-m/nofp\libc_nano.a(libc_a-fflush.o)
                0x0000000008008ba4                _fflush_r
 *fill*         0x0000000008008bfa        0x2 
 .text.__swhatbuf_r
                0x0000000008008bfc       0x50 C:/ST/STM32CubeIDE_1.3.0.20_H72xH73xWL-A1/STM32CubeIDE/plugins/com.st.stm32cube.ide.mcu.externaltools.gnu-tools-for-stm32.11.3.rel1.win32_1.1.100.202309141235/tools/bin/../lib/gcc/arm-none-eabi/11.3.1/../../../../arm-none-eabi/lib/thumb/v6-m/nofp\libc_nano.a(libc_a-makebuf.o)
                0x0000000008008bfc                __swhatbuf_r
 .text.__smakebuf_r
                0x0000000008008c4c       0x7c C:/ST/STM32CubeIDE_1.3.0.20_H72xH73xWL-A1/STM32CubeIDE/plugins/com.st.stm32cube.ide.mcu.externaltools.gnu-tools-for-stm32.11.3.rel1.win32_1.1.100.202309141235/tools/bin/../lib/gcc/arm-none-eabi/11.3.1/../../../../arm-none-eabi/lib/thumb/v6-m/nofp\libc_nano.a(libc_a-makebuf.o)
                0x0000000008008c4c                __smakebuf_r
 .text._putc_r  0x0000000008008cc8       0x6c C:/ST/STM32CubeIDE_1.3.0.20_H72xH73xWL-A1/STM32CubeIDE/plugins/com.st.stm32cube.ide.mcu.externaltools.gnu-tools-for-stm32.11.3.rel1.win32_1.1.100.202309141235/tools/bin/../lib/gcc/arm-none-eabi/11.3.1/../../../../arm-none-eabi/lib/thumb/v6-m/nofp\libc_nano.a(libc_a-putc.o)
                0x0000000008008cc8                _putc_r
 .text.memmove  0x0000000008008d34       0x26 C:/ST/STM32CubeIDE_1.3.0.20_H72xH73xWL-A1/STM32CubeIDE/plugins/com.st.stm32cube.ide.mcu.externaltools.gnu-tools-for-stm32.11.3.rel1.win32_1.1.100.202309141235/tools/bin/../lib/gcc/arm-none-eabi/11.3.1/../../../../arm-none-eabi/lib/thumb/v6-m/nofp\libc_nano.a(libc_a-memmove.o)
                0x0000000008008d34                memmove
 .text.strncmp  0x0000000008008d5a       0x22 C:/ST/STM32CubeIDE_1.3.0.20_H72xH73xWL-A1/STM32CubeIDE/plugins/com.st.stm32cube.ide.mcu.externaltools.gnu-tools-for-stm32.11.3.rel1.win32_1.1.100.202309141235/tools/bin/../lib/gcc/arm-none-eabi/11.3.1/../../../../arm-none-eabi/lib/thumb/v6-m/nofp\libc_nano.a(libc_a-strncmp.o)
                0x0000000008008d5a                strncmp
 .text._fstat_r
                0x0000000008008d7c       0x24 C:/ST/STM32CubeIDE_1.3.0.20_H72xH73xWL-A1/STM32CubeIDE/plugins/com.st.stm32cube.ide.mcu.externaltools.gnu-tools-for-stm32.11.3.rel1.win32_1.1.100.202309141235/tools/bin/../lib/gcc/arm-none-eabi/11.3.1/../../../../arm-none-eabi/lib/thumb/v6-m/nofp\libc_nano.a(libc_a-fstatr.o)
                0x0000000008008d7c                _fstat_r
 .text._isatty_r
                0x0000000008008da0       0x24 C:/ST/STM32CubeIDE_1.3.0.20_H72xH73xWL-A1/STM32CubeIDE/plugins/com.st.stm32cube.ide.mcu.externaltools.gnu-tools-for-stm32.11.3.rel1.win32_1.1.100.202309141235/tools/bin/../lib/gcc/arm-none-eabi/11.3.1/../../../../arm-none-eabi/lib/thumb/v6-m/nofp\libc_nano.a(libc_a-isattyr.o)
                0x0000000008008da0                _isatty_r
 .text._sbrk_r  0x0000000008008dc4       0x24 C:/ST/STM32CubeIDE_1.3.0.20_H72xH73xWL-A1/STM32CubeIDE/plugins/com.st.stm32cube.ide.mcu.externaltools.gnu-tools-for-stm32.11.3.rel1.win32_1.1.100.202309141235/tools/bin/../lib/gcc/arm-none-eabi/11.3.1/../../../../arm-none-eabi/lib/thumb/v6-m/nofp\libc_nano.a(libc_a-sbrkr.o)
                0x0000000008008dc4                _sbrk_r
 .text.memcpy   0x0000000008008de8       0x12 C:/ST/STM32CubeIDE_1.3.0.20_H72xH73xWL-A1/STM32CubeIDE/plugins/com.st.stm32cube.ide.mcu.externaltools.gnu-tools-for-stm32.11.3.rel1.win32_1.1.100.202309141235/tools/bin/../lib/gcc/arm-none-eabi/11.3.1/../../../../arm-none-eabi/lib/thumb/v6-m/nofp\libc_nano.a(libc_a-memcpy-stub.o)
                0x0000000008008de8                memcpy
 *fill*         0x0000000008008dfa        0x2 
 .text.nan      0x0000000008008dfc        0xc C:/ST/STM32CubeIDE_1.3.0.20_H72xH73xWL-A1/STM32CubeIDE/plugins/com.st.stm32cube.ide.mcu.externaltools.gnu-tools-for-stm32.11.3.rel1.win32_1.1.100.202309141235/tools/bin/../lib/gcc/arm-none-eabi/11.3.1/../../../../arm-none-eabi/lib/thumb/v6-m/nofp\libc_nano.a(libm_a-s_nan.o)
                0x0000000008008dfc                nan
 .text.__assert_func
                0x0000000008008e08       0x3c C:/ST/STM32CubeIDE_1.3.0.20_H72xH73xWL-A1/STM32CubeIDE/plugins/com.st.stm32cube.ide.mcu.externaltools.gnu-tools-for-stm32.11.3.rel1.win32_1.1.100.202309141235/tools/bin/../lib/gcc/arm-none-eabi/11.3.1/../../../../arm-none-eabi/lib/thumb/v6-m/nofp\libc_nano.a(libc_a-assert.o)
                0x0000000008008e08                __assert_func
 .text._calloc_r
                0x0000000008008e44       0x5a C:/ST/STM32CubeIDE_1.3.0.20_H72xH73xWL-A1/STM32CubeIDE/plugins/com.st.stm32cube.ide.mcu.externaltools.gnu-tools-for-stm32.11.3.rel1.win32_1.1.100.202309141235/tools/bin/../lib/gcc/arm-none-eabi/11.3.1/../../../../arm-none-eabi/lib/thumb/v6-m/nofp\libc_nano.a(libc_a-callocr.o)
                0x0000000008008e44                _calloc_r
 .text.rshift   0x0000000008008e9e       0xaa C:/ST/STM32CubeIDE_1.3.0.20_H72xH73xWL-A1/STM32CubeIDE/plugins/com.st.stm32cube.ide.mcu.externaltools.gnu-tools-for-stm32.11.3.rel1.win32_1.1.100.202309141235/tools/bin/../lib/gcc/arm-none-eabi/11.3.1/../../../../arm-none-eabi/lib/thumb/v6-m/nofp\libc_nano.a(libc_a-gdtoa-gethex.o)
 .text.__hexdig_fun
                0x0000000008008f48       0x2a C:/ST/STM32CubeIDE_1.3.0.20_H72xH73xWL-A1/STM32CubeIDE/plugins/com.st.stm32cube.ide.mcu.externaltools.gnu-tools-for-stm32.11.3.rel1.win32_1.1.100.202309141235/tools/bin/../lib/gcc/arm-none-eabi/11.3.1/../../../../arm-none-eabi/lib/thumb/v6-m/nofp\libc_nano.a(libc_a-gdtoa-gethex.o)
                0x0000000008008f48                __hexdig_fun
 *fill*         0x0000000008008f72        0x2 
 .text.__gethex
                0x0000000008008f74      0x448 C:/ST/STM32CubeIDE_1.3.0.20_H72xH73xWL-A1/STM32CubeIDE/plugins/com.st.stm32cube.ide.mcu.externaltools.gnu-tools-for-stm32.11.3.rel1.win32_1.1.100.202309141235/tools/bin/../lib/gcc/arm-none-eabi/11.3.1/../../../../arm-none-eabi/lib/thumb/v6-m/nofp\libc_nano.a(libc_a-gdtoa-gethex.o)
                0x0000000008008f74                __gethex
 .text.L_shift  0x00000000080093bc       0x24 C:/ST/STM32CubeIDE_1.3.0.20_H72xH73xWL-A1/STM32CubeIDE/plugins/com.st.stm32cube.ide.mcu.externaltools.gnu-tools-for-stm32.11.3.rel1.win32_1.1.100.202309141235/tools/bin/../lib/gcc/arm-none-eabi/11.3.1/../../../../arm-none-eabi/lib/thumb/v6-m/nofp\libc_nano.a(libc_a-gdtoa-hexnan.o)
 .text.__match  0x00000000080093e0       0x28 C:/ST/STM32CubeIDE_1.3.0.20_H72xH73xWL-A1/STM32CubeIDE/plugins/com.st.stm32cube.ide.mcu.externaltools.gnu-tools-for-stm32.11.3.rel1.win32_1.1.100.202309141235/tools/bin/../lib/gcc/arm-none-eabi/11.3.1/../../../../arm-none-eabi/lib/thumb/v6-m/nofp\libc_nano.a(libc_a-gdtoa-hexnan.o)
                0x00000000080093e0                __match
 .text.__hexnan
                0x0000000008009408      0x150 C:/ST/STM32CubeIDE_1.3.0.20_H72xH73xWL-A1/STM32CubeIDE/plugins/com.st.stm32cube.ide.mcu.externaltools.gnu-tools-for-stm32.11.3.rel1.win32_1.1.100.202309141235/tools/bin/../lib/gcc/arm-none-eabi/11.3.1/../../../../arm-none-eabi/lib/thumb/v6-m/nofp\libc_nano.a(libc_a-gdtoa-hexnan.o)
                0x0000000008009408                __hexnan
 .text.__ascii_mbtowc
                0x0000000008009558       0x24 C:/ST/STM32CubeIDE_1.3.0.20_H72xH73xWL-A1/STM32CubeIDE/plugins/com.st.stm32cube.ide.mcu.externaltools.gnu-tools-for-stm32.11.3.rel1.win32_1.1.100.202309141235/tools/bin/../lib/gcc/arm-none-eabi/11.3.1/../../../../arm-none-eabi/lib/thumb/v6-m/nofp\libc_nano.a(libc_a-mbtowc_r.o)
                0x0000000008009558                __ascii_mbtowc
 .text._realloc_r
                0x000000000800957c       0x5e C:/ST/STM32CubeIDE_1.3.0.20_H72xH73xWL-A1/STM32CubeIDE/plugins/com.st.stm32cube.ide.mcu.externaltools.gnu-tools-for-stm32.11.3.rel1.win32_1.1.100.202309141235/tools/bin/../lib/gcc/arm-none-eabi/11.3.1/../../../../arm-none-eabi/lib/thumb/v6-m/nofp\libc_nano.a(libc_a-reallocr.o)
                0x000000000800957c                _realloc_r
 .text.__ascii_wctomb
                0x00000000080095da       0x1a C:/ST/STM32CubeIDE_1.3.0.20_H72xH73xWL-A1/STM32CubeIDE/plugins/com.st.stm32cube.ide.mcu.externaltools.gnu-tools-for-stm32.11.3.rel1.win32_1.1.100.202309141235/tools/bin/../lib/gcc/arm-none-eabi/11.3.1/../../../../arm-none-eabi/lib/thumb/v6-m/nofp\libc_nano.a(libc_a-wctomb_r.o)
                0x00000000080095da                __ascii_wctomb
 .text.fprintf  0x00000000080095f4       0x20 C:/ST/STM32CubeIDE_1.3.0.20_H72xH73xWL-A1/STM32CubeIDE/plugins/com.st.stm32cube.ide.mcu.externaltools.gnu-tools-for-stm32.11.3.rel1.win32_1.1.100.202309141235/tools/bin/../lib/gcc/arm-none-eabi/11.3.1/../../../../arm-none-eabi/lib/thumb/v6-m/nofp\libc_nano.a(libc_a-fprintf.o)
                0x00000000080095f4                fiprintf
                0x00000000080095f4                fprintf
 .text.abort    0x0000000008009614        0xe C:/ST/STM32CubeIDE_1.3.0.20_H72xH73xWL-A1/STM32CubeIDE/plugins/com.st.stm32cube.ide.mcu.externaltools.gnu-tools-for-stm32.11.3.rel1.win32_1.1.100.202309141235/tools/bin/../lib/gcc/arm-none-eabi/11.3.1/../../../../arm-none-eabi/lib/thumb/v6-m/nofp\libc_nano.a(libc_a-abort.o)
                0x0000000008009614                abort
 .text._malloc_usable_size_r
                0x0000000008009622       0x10 C:/ST/STM32CubeIDE_1.3.0.20_H72xH73xWL-A1/STM32CubeIDE/plugins/com.st.stm32cube.ide.mcu.externaltools.gnu-tools-for-stm32.11.3.rel1.win32_1.1.100.202309141235/tools/bin/../lib/gcc/arm-none-eabi/11.3.1/../../../../arm-none-eabi/lib/thumb/v6-m/nofp\libc_nano.a(libc_a-msizer.o)
                0x0000000008009622                _malloc_usable_size_r
 .text.__sfputc_r
                0x0000000008009632       0x2a C:/ST/STM32CubeIDE_1.3.0.20_H72xH73xWL-A1/STM32CubeIDE/plugins/com.st.stm32cube.ide.mcu.externaltools.gnu-tools-for-stm32.11.3.rel1.win32_1.1.100.202309141235/tools/bin/../lib/gcc/arm-none-eabi/11.3.1/../../../../arm-none-eabi/lib/thumb/v6-m/nofp\libc_nano.a(libc_a-nano-vfprintf.o)
 .text.__sfputs_r
                0x000000000800965c       0x24 C:/ST/STM32CubeIDE_1.3.0.20_H72xH73xWL-A1/STM32CubeIDE/plugins/com.st.stm32cube.ide.mcu.externaltools.gnu-tools-for-stm32.11.3.rel1.win32_1.1.100.202309141235/tools/bin/../lib/gcc/arm-none-eabi/11.3.1/../../../../arm-none-eabi/lib/thumb/v6-m/nofp\libc_nano.a(libc_a-nano-vfprintf.o)
                0x000000000800965c                __sfputs_r
 .text._vfprintf_r
                0x0000000008009680      0x238 C:/ST/STM32CubeIDE_1.3.0.20_H72xH73xWL-A1/STM32CubeIDE/plugins/com.st.stm32cube.ide.mcu.externaltools.gnu-tools-for-stm32.11.3.rel1.win32_1.1.100.202309141235/tools/bin/../lib/gcc/arm-none-eabi/11.3.1/../../../../arm-none-eabi/lib/thumb/v6-m/nofp\libc_nano.a(libc_a-nano-vfprintf.o)
                0x0000000008009680                _vfprintf_r
                0x0000000008009680                _vfiprintf_r
 .text._raise_r
                0x00000000080098b8       0x54 C:/ST/STM32CubeIDE_1.3.0.20_H72xH73xWL-A1/STM32CubeIDE/plugins/com.st.stm32cube.ide.mcu.externaltools.gnu-tools-for-stm32.11.3.rel1.win32_1.1.100.202309141235/tools/bin/../lib/gcc/arm-none-eabi/11.3.1/../../../../arm-none-eabi/lib/thumb/v6-m/nofp\libc_nano.a(libc_a-signal.o)
                0x00000000080098b8                _raise_r
 .text.raise    0x000000000800990c       0x14 C:/ST/STM32CubeIDE_1.3.0.20_H72xH73xWL-A1/STM32CubeIDE/plugins/com.st.stm32cube.ide.mcu.externaltools.gnu-tools-for-stm32.11.3.rel1.win32_1.1.100.202309141235/tools/bin/../lib/gcc/arm-none-eabi/11.3.1/../../../../arm-none-eabi/lib/thumb/v6-m/nofp\libc_nano.a(libc_a-signal.o)
                0x000000000800990c                raise
 .text._kill_r  0x0000000008009920       0x24 C:/ST/STM32CubeIDE_1.3.0.20_H72xH73xWL-A1/STM32CubeIDE/plugins/com.st.stm32cube.ide.mcu.externaltools.gnu-tools-for-stm32.11.3.rel1.win32_1.1.100.202309141235/tools/bin/../lib/gcc/arm-none-eabi/11.3.1/../../../../arm-none-eabi/lib/thumb/v6-m/nofp\libc_nano.a(libc_a-signalr.o)
                0x0000000008009920                _kill_r
 .text._getpid_r
                0x0000000008009944        0x8 C:/ST/STM32CubeIDE_1.3.0.20_H72xH73xWL-A1/STM32CubeIDE/plugins/com.st.stm32cube.ide.mcu.externaltools.gnu-tools-for-stm32.11.3.rel1.win32_1.1.100.202309141235/tools/bin/../lib/gcc/arm-none-eabi/11.3.1/../../../../arm-none-eabi/lib/thumb/v6-m/nofp\libc_nano.a(libc_a-signalr.o)
                0x0000000008009944                _getpid_r
 *(.glue_7)
 .glue_7        0x000000000800994c        0x0 linker stubs
 *(.glue_7t)
 .glue_7t       0x000000000800994c        0x0 linker stubs
 *(.eh_frame)
 .eh_frame      0x000000000800994c        0x0 C:/ST/STM32CubeIDE_1.3.0.20_H72xH73xWL-A1/STM32CubeIDE/plugins/com.st.stm32cube.ide.mcu.externaltools.gnu-tools-for-stm32.11.3.rel1.win32_1.1.100.202309141235/tools/bin/../lib/gcc/arm-none-eabi/11.3.1/thumb/v6-m/nofp/crtbegin.o
 *(.init)
 .init          0x000000000800994c        0x4 C:/ST/STM32CubeIDE_1.3.0.20_H72xH73xWL-A1/STM32CubeIDE/plugins/com.st.stm32cube.ide.mcu.externaltools.gnu-tools-for-stm32.11.3.rel1.win32_1.1.100.202309141235/tools/bin/../lib/gcc/arm-none-eabi/11.3.1/thumb/v6-m/nofp/crti.o
                0x000000000800994c                _init
 .init          0x0000000008009950        0x8 C:/ST/STM32CubeIDE_1.3.0.20_H72xH73xWL-A1/STM32CubeIDE/plugins/com.st.stm32cube.ide.mcu.externaltools.gnu-tools-for-stm32.11.3.rel1.win32_1.1.100.202309141235/tools/bin/../lib/gcc/arm-none-eabi/11.3.1/thumb/v6-m/nofp/crtn.o
 *(.fini)
 .fini          0x0000000008009958        0x4 C:/ST/STM32CubeIDE_1.3.0.20_H72xH73xWL-A1/STM32CubeIDE/plugins/com.st.stm32cube.ide.mcu.externaltools.gnu-tools-for-stm32.11.3.rel1.win32_1.1.100.202309141235/tools/bin/../lib/gcc/arm-none-eabi/11.3.1/thumb/v6-m/nofp/crti.o
                0x0000000008009958                _fini
 .fini          0x000000000800995c        0x8 C:/ST/STM32CubeIDE_1.3.0.20_H72xH73xWL-A1/STM32CubeIDE/plugins/com.st.stm32cube.ide.mcu.externaltools.gnu-tools-for-stm32.11.3.rel1.win32_1.1.100.202309141235/tools/bin/../lib/gcc/arm-none-eabi/11.3.1/thumb/v6-m/nofp/crtn.o
                0x0000000008009964                . = ALIGN (0x4)
                0x0000000008009964                _etext = .

.vfp11_veneer   0x0000000008009964        0x0
 .vfp11_veneer  0x0000000008009964        0x0 linker stubs

.v4_bx          0x0000000008009964        0x0
 .v4_bx         0x0000000008009964        0x0 linker stubs

.iplt           0x0000000008009964        0x0
 .iplt          0x0000000008009964        0x0 C:/ST/STM32CubeIDE_1.3.0.20_H72xH73xWL-A1/STM32CubeIDE/plugins/com.st.stm32cube.ide.mcu.externaltools.gnu-tools-for-stm32.11.3.rel1.win32_1.1.100.202309141235/tools/bin/../lib/gcc/arm-none-eabi/11.3.1/thumb/v6-m/nofp/crtbegin.o

.rodata         0x0000000008009968      0x820
                0x0000000008009968                . = ALIGN (0x4)
 *(.rodata)
 .rodata        0x0000000008009968       0x40 C:/ST/STM32CubeIDE_1.3.0.20_H72xH73xWL-A1/STM32CubeIDE/plugins/com.st.stm32cube.ide.mcu.externaltools.gnu-tools-for-stm32.11.3.rel1.win32_1.1.100.202309141235/tools/bin/../lib/gcc/arm-none-eabi/11.3.1/thumb/v6-m/nofp\libgcc.a(divdf3.o)
 *(.rodata*)
 .rodata.main.str1.1
                0x00000000080099a8      0x186 ./Core/Src/main.o
 .rodata.table_crc_hi
                0x0000000008009b2e      0x100 ./Core/Src/modbus_crc.o
 .rodata.table_crc_lo
                0x0000000008009c2e      0x100 ./Core/Src/modbus_crc.o
 .rodata.AHBPrescTable
                0x0000000008009d2e       0x10 ./Core/Src/system_stm32l0xx.o
                0x0000000008009d2e                AHBPrescTable
 .rodata.APBPrescTable
                0x0000000008009d3e        0x8 ./Core/Src/system_stm32l0xx.o
                0x0000000008009d3e                APBPrescTable
 .rodata.PLLMulTable
                0x0000000008009d46        0x9 ./Core/Src/system_stm32l0xx.o
                0x0000000008009d46                PLLMulTable
 .rodata.CSWTCH.59
                0x0000000008009d4f        0x3 ./Drivers/STM32L0xx_HAL_Driver/Src/stm32l0xx_hal_uart.o
 .rodata.CSWTCH.60
                0x0000000008009d52        0xd ./Drivers/STM32L0xx_HAL_Driver/Src/stm32l0xx_hal_uart.o
 .rodata._printf_float.str1.1
                0x0000000008009d5f       0x12 C:/ST/STM32CubeIDE_1.3.0.20_H72xH73xWL-A1/STM32CubeIDE/plugins/com.st.stm32cube.ide.mcu.externaltools.gnu-tools-for-stm32.11.3.rel1.win32_1.1.100.202309141235/tools/bin/../lib/gcc/arm-none-eabi/11.3.1/../../../../arm-none-eabi/lib/thumb/v6-m/nofp\libc_nano.a(libc_a-nano-vfprintf_float.o)
 .rodata._printf_i.str1.1
                0x0000000008009d71       0x22 C:/ST/STM32CubeIDE_1.3.0.20_H72xH73xWL-A1/STM32CubeIDE/plugins/com.st.stm32cube.ide.mcu.externaltools.gnu-tools-for-stm32.11.3.rel1.win32_1.1.100.202309141235/tools/bin/../lib/gcc/arm-none-eabi/11.3.1/../../../../arm-none-eabi/lib/thumb/v6-m/nofp\libc_nano.a(libc_a-nano-vfprintf_i.o)
 .rodata._scanf_float.str1.1
                0x0000000008009d93        0x5 C:/ST/STM32CubeIDE_1.3.0.20_H72xH73xWL-A1/STM32CubeIDE/plugins/com.st.stm32cube.ide.mcu.externaltools.gnu-tools-for-stm32.11.3.rel1.win32_1.1.100.202309141235/tools/bin/../lib/gcc/arm-none-eabi/11.3.1/../../../../arm-none-eabi/lib/thumb/v6-m/nofp\libc_nano.a(libc_a-nano-vfscanf_float.o)
                                          0x6 (size before relaxing)
 .rodata._dtoa_r.str1.1
                0x0000000008009d98       0x8d C:/ST/STM32CubeIDE_1.3.0.20_H72xH73xWL-A1/STM32CubeIDE/plugins/com.st.stm32cube.ide.mcu.externaltools.gnu-tools-for-stm32.11.3.rel1.win32_1.1.100.202309141235/tools/bin/../lib/gcc/arm-none-eabi/11.3.1/../../../../arm-none-eabi/lib/thumb/v6-m/nofp\libc_nano.a(libc_a-dtoa.o)
                                         0x8f (size before relaxing)
 .rodata._Balloc.str1.1
                0x0000000008009e25       0x59 C:/ST/STM32CubeIDE_1.3.0.20_H72xH73xWL-A1/STM32CubeIDE/plugins/com.st.stm32cube.ide.mcu.externaltools.gnu-tools-for-stm32.11.3.rel1.win32_1.1.100.202309141235/tools/bin/../lib/gcc/arm-none-eabi/11.3.1/../../../../arm-none-eabi/lib/thumb/v6-m/nofp\libc_nano.a(libc_a-mprec.o)
                                         0x70 (size before relaxing)
 .rodata.__multadd.str1.1
                0x0000000008009e7e       0x11 C:/ST/STM32CubeIDE_1.3.0.20_H72xH73xWL-A1/STM32CubeIDE/plugins/com.st.stm32cube.ide.mcu.externaltools.gnu-tools-for-stm32.11.3.rel1.win32_1.1.100.202309141235/tools/bin/../lib/gcc/arm-none-eabi/11.3.1/../../../../arm-none-eabi/lib/thumb/v6-m/nofp\libc_nano.a(libc_a-mprec.o)
 *fill*         0x0000000008009e7e        0x2 
 .rodata.__mprec_bigtens
                0x0000000008009e80       0x28 C:/ST/STM32CubeIDE_1.3.0.20_H72xH73xWL-A1/STM32CubeIDE/plugins/com.st.stm32cube.ide.mcu.externaltools.gnu-tools-for-stm32.11.3.rel1.win32_1.1.100.202309141235/tools/bin/../lib/gcc/arm-none-eabi/11.3.1/../../../../arm-none-eabi/lib/thumb/v6-m/nofp\libc_nano.a(libc_a-mprec.o)
                0x0000000008009e80                __mprec_bigtens
 .rodata.__mprec_tens
                0x0000000008009ea8       0xc8 C:/ST/STM32CubeIDE_1.3.0.20_H72xH73xWL-A1/STM32CubeIDE/plugins/com.st.stm32cube.ide.mcu.externaltools.gnu-tools-for-stm32.11.3.rel1.win32_1.1.100.202309141235/tools/bin/../lib/gcc/arm-none-eabi/11.3.1/../../../../arm-none-eabi/lib/thumb/v6-m/nofp\libc_nano.a(libc_a-mprec.o)
                0x0000000008009ea8                __mprec_tens
 .rodata.p05.0  0x0000000008009f70        0xc C:/ST/STM32CubeIDE_1.3.0.20_H72xH73xWL-A1/STM32CubeIDE/plugins/com.st.stm32cube.ide.mcu.externaltools.gnu-tools-for-stm32.11.3.rel1.win32_1.1.100.202309141235/tools/bin/../lib/gcc/arm-none-eabi/11.3.1/../../../../arm-none-eabi/lib/thumb/v6-m/nofp\libc_nano.a(libc_a-mprec.o)
 .rodata._strtod_l.str1.1
                0x0000000008009f7c        0x2 C:/ST/STM32CubeIDE_1.3.0.20_H72xH73xWL-A1/STM32CubeIDE/plugins/com.st.stm32cube.ide.mcu.externaltools.gnu-tools-for-stm32.11.3.rel1.win32_1.1.100.202309141235/tools/bin/../lib/gcc/arm-none-eabi/11.3.1/../../../../arm-none-eabi/lib/thumb/v6-m/nofp\libc_nano.a(libc_a-strtod.o)
                                          0xf (size before relaxing)
 *fill*         0x0000000008009f7e        0x2 
 .rodata.fpi.1  0x0000000008009f80       0x14 C:/ST/STM32CubeIDE_1.3.0.20_H72xH73xWL-A1/STM32CubeIDE/plugins/com.st.stm32cube.ide.mcu.externaltools.gnu-tools-for-stm32.11.3.rel1.win32_1.1.100.202309141235/tools/bin/../lib/gcc/arm-none-eabi/11.3.1/../../../../arm-none-eabi/lib/thumb/v6-m/nofp\libc_nano.a(libc_a-strtod.o)
 .rodata.fpinan.0
                0x0000000008009f94       0x14 C:/ST/STM32CubeIDE_1.3.0.20_H72xH73xWL-A1/STM32CubeIDE/plugins/com.st.stm32cube.ide.mcu.externaltools.gnu-tools-for-stm32.11.3.rel1.win32_1.1.100.202309141235/tools/bin/../lib/gcc/arm-none-eabi/11.3.1/../../../../arm-none-eabi/lib/thumb/v6-m/nofp\libc_nano.a(libc_a-strtod.o)
 .rodata.tinytens
                0x0000000008009fa8       0x28 C:/ST/STM32CubeIDE_1.3.0.20_H72xH73xWL-A1/STM32CubeIDE/plugins/com.st.stm32cube.ide.mcu.externaltools.gnu-tools-for-stm32.11.3.rel1.win32_1.1.100.202309141235/tools/bin/../lib/gcc/arm-none-eabi/11.3.1/../../../../arm-none-eabi/lib/thumb/v6-m/nofp\libc_nano.a(libc_a-strtod.o)
 .rodata._ctype_
                0x0000000008009fd0      0x101 C:/ST/STM32CubeIDE_1.3.0.20_H72xH73xWL-A1/STM32CubeIDE/plugins/com.st.stm32cube.ide.mcu.externaltools.gnu-tools-for-stm32.11.3.rel1.win32_1.1.100.202309141235/tools/bin/../lib/gcc/arm-none-eabi/11.3.1/../../../../arm-none-eabi/lib/thumb/v6-m/nofp\libc_nano.a(libc_a-ctype_.o)
                0x0000000008009fd0                _ctype_
 .rodata._svfprintf_r.str1.1
                0x000000000800a0d1       0x11 C:/ST/STM32CubeIDE_1.3.0.20_H72xH73xWL-A1/STM32CubeIDE/plugins/com.st.stm32cube.ide.mcu.externaltools.gnu-tools-for-stm32.11.3.rel1.win32_1.1.100.202309141235/tools/bin/../lib/gcc/arm-none-eabi/11.3.1/../../../../arm-none-eabi/lib/thumb/v6-m/nofp\libc_nano.a(libc_a-nano-svfprintf.o)
 .rodata._setlocale_r.str1.1
                0x000000000800a0e2        0x8 C:/ST/STM32CubeIDE_1.3.0.20_H72xH73xWL-A1/STM32CubeIDE/plugins/com.st.stm32cube.ide.mcu.externaltools.gnu-tools-for-stm32.11.3.rel1.win32_1.1.100.202309141235/tools/bin/../lib/gcc/arm-none-eabi/11.3.1/../../../../arm-none-eabi/lib/thumb/v6-m/nofp\libc_nano.a(libc_a-locale.o)
                                          0x9 (size before relaxing)
 .rodata.str1.1
                0x000000000800a0ea        0x2 C:/ST/STM32CubeIDE_1.3.0.20_H72xH73xWL-A1/STM32CubeIDE/plugins/com.st.stm32cube.ide.mcu.externaltools.gnu-tools-for-stm32.11.3.rel1.win32_1.1.100.202309141235/tools/bin/../lib/gcc/arm-none-eabi/11.3.1/../../../../arm-none-eabi/lib/thumb/v6-m/nofp\libc_nano.a(libc_a-locale.o)
 .rodata.__assert_func.str1.1
                0x000000000800a0ea       0x3c C:/ST/STM32CubeIDE_1.3.0.20_H72xH73xWL-A1/STM32CubeIDE/plugins/com.st.stm32cube.ide.mcu.externaltools.gnu-tools-for-stm32.11.3.rel1.win32_1.1.100.202309141235/tools/bin/../lib/gcc/arm-none-eabi/11.3.1/../../../../arm-none-eabi/lib/thumb/v6-m/nofp\libc_nano.a(libc_a-assert.o)
                                         0x3d (size before relaxing)
 .rodata.__gethex.str1.1
                0x000000000800a126       0x60 C:/ST/STM32CubeIDE_1.3.0.20_H72xH73xWL-A1/STM32CubeIDE/plugins/com.st.stm32cube.ide.mcu.externaltools.gnu-tools-for-stm32.11.3.rel1.win32_1.1.100.202309141235/tools/bin/../lib/gcc/arm-none-eabi/11.3.1/../../../../arm-none-eabi/lib/thumb/v6-m/nofp\libc_nano.a(libc_a-gdtoa-gethex.o)
                                         0x73 (size before relaxing)
 .rodata._vfprintf_r.str1.1
                0x000000000800a186       0x11 C:/ST/STM32CubeIDE_1.3.0.20_H72xH73xWL-A1/STM32CubeIDE/plugins/com.st.stm32cube.ide.mcu.externaltools.gnu-tools-for-stm32.11.3.rel1.win32_1.1.100.202309141235/tools/bin/../lib/gcc/arm-none-eabi/11.3.1/../../../../arm-none-eabi/lib/thumb/v6-m/nofp\libc_nano.a(libc_a-nano-vfprintf.o)
                0x000000000800a198                . = ALIGN (0x4)
 *fill*         0x000000000800a186        0x2 

.ARM.extab      0x000000000800a188        0x0
                0x000000000800a188                . = ALIGN (0x4)
 *(.ARM.extab* .gnu.linkonce.armextab.*)
                0x000000000800a188                . = ALIGN (0x4)

.ARM            0x000000000800a188        0x8
                0x000000000800a188                . = ALIGN (0x4)
                0x000000000800a188                __exidx_start = .
 *(.ARM.exidx*)
 .ARM.exidx     0x000000000800a188        0x8 C:/ST/STM32CubeIDE_1.3.0.20_H72xH73xWL-A1/STM32CubeIDE/plugins/com.st.stm32cube.ide.mcu.externaltools.gnu-tools-for-stm32.11.3.rel1.win32_1.1.100.202309141235/tools/bin/../lib/gcc/arm-none-eabi/11.3.1/thumb/v6-m/nofp\libgcc.a(_udivmoddi4.o)
                0x000000000800a190                __exidx_end = .
                0x000000000800a190                . = ALIGN (0x4)

.rel.dyn        0x000000000800a190        0x0
 .rel.iplt      0x000000000800a190        0x0 C:/ST/STM32CubeIDE_1.3.0.20_H72xH73xWL-A1/STM32CubeIDE/plugins/com.st.stm32cube.ide.mcu.externaltools.gnu-tools-for-stm32.11.3.rel1.win32_1.1.100.202309141235/tools/bin/../lib/gcc/arm-none-eabi/11.3.1/thumb/v6-m/nofp/crtbegin.o

.preinit_array  0x000000000800a190        0x0
                0x000000000800a190                . = ALIGN (0x4)
                0x000000000800a190                PROVIDE (__preinit_array_start = .)
 *(.preinit_array*)
                0x000000000800a190                PROVIDE (__preinit_array_end = .)
                0x000000000800a190                . = ALIGN (0x4)

.init_array     0x000000000800a190        0x4
                0x000000000800a190                . = ALIGN (0x4)
                0x000000000800a190                PROVIDE (__init_array_start = .)
 *(SORT_BY_NAME(.init_array.*))
 *(.init_array*)
 .init_array    0x000000000800a190        0x4 C:/ST/STM32CubeIDE_1.3.0.20_H72xH73xWL-A1/STM32CubeIDE/plugins/com.st.stm32cube.ide.mcu.externaltools.gnu-tools-for-stm32.11.3.rel1.win32_1.1.100.202309141235/tools/bin/../lib/gcc/arm-none-eabi/11.3.1/thumb/v6-m/nofp/crtbegin.o
                0x000000000800a194                PROVIDE (__init_array_end = .)
                0x000000000800a194                . = ALIGN (0x4)

.fini_array     0x000000000800a194        0x4
                0x000000000800a194                . = ALIGN (0x4)
                [!provide]                        PROVIDE (__fini_array_start = .)
 *(SORT_BY_NAME(.fini_array.*))
 *(.fini_array*)
 .fini_array    0x000000000800a194        0x4 C:/ST/STM32CubeIDE_1.3.0.20_H72xH73xWL-A1/STM32CubeIDE/plugins/com.st.stm32cube.ide.mcu.externaltools.gnu-tools-for-stm32.11.3.rel1.win32_1.1.100.202309141235/tools/bin/../lib/gcc/arm-none-eabi/11.3.1/thumb/v6-m/nofp/crtbegin.o
                [!provide]                        PROVIDE (__fini_array_end = .)
                0x000000000800a198                . = ALIGN (0x4)
                0x000000000800a198                _sidata = LOADADDR (.data)

.data           0x0000000020000000      0x1d4 load address 0x000000000800a198
                0x0000000020000000                . = ALIGN (0x4)
                0x0000000020000000                _sdata = .
 *(.data)
 *(.data*)
 .data.SystemCoreClock
                0x0000000020000000        0x4 ./Core/Src/system_stm32l0xx.o
                0x0000000020000000                SystemCoreClock
 .data.uwTickFreq
                0x0000000020000004        0x1 ./Drivers/STM32L0xx_HAL_Driver/Src/stm32l0xx_hal.o
                0x0000000020000004                uwTickFreq
 *fill*         0x0000000020000005        0x3 
 .data.uwTickPrio
                0x0000000020000008        0x4 ./Drivers/STM32L0xx_HAL_Driver/Src/stm32l0xx_hal.o
                0x0000000020000008                uwTickPrio
 .data.__sglue  0x000000002000000c        0xc C:/ST/STM32CubeIDE_1.3.0.20_H72xH73xWL-A1/STM32CubeIDE/plugins/com.st.stm32cube.ide.mcu.externaltools.gnu-tools-for-stm32.11.3.rel1.win32_1.1.100.202309141235/tools/bin/../lib/gcc/arm-none-eabi/11.3.1/../../../../arm-none-eabi/lib/thumb/v6-m/nofp\libc_nano.a(libc_a-findfp.o)
                0x000000002000000c                __sglue
 .data._impure_data
                0x0000000020000018       0x4c C:/ST/STM32CubeIDE_1.3.0.20_H72xH73xWL-A1/STM32CubeIDE/plugins/com.st.stm32cube.ide.mcu.externaltools.gnu-tools-for-stm32.11.3.rel1.win32_1.1.100.202309141235/tools/bin/../lib/gcc/arm-none-eabi/11.3.1/../../../../arm-none-eabi/lib/thumb/v6-m/nofp\libc_nano.a(libc_a-impure.o)
                0x0000000020000018                _impure_data
 .data._impure_ptr
                0x0000000020000064        0x4 C:/ST/STM32CubeIDE_1.3.0.20_H72xH73xWL-A1/STM32CubeIDE/plugins/com.st.stm32cube.ide.mcu.externaltools.gnu-tools-for-stm32.11.3.rel1.win32_1.1.100.202309141235/tools/bin/../lib/gcc/arm-none-eabi/11.3.1/../../../../arm-none-eabi/lib/thumb/v6-m/nofp\libc_nano.a(libc_a-impure.o)
                0x0000000020000064                _impure_ptr
 .data.__global_locale
                0x0000000020000068      0x16c C:/ST/STM32CubeIDE_1.3.0.20_H72xH73xWL-A1/STM32CubeIDE/plugins/com.st.stm32cube.ide.mcu.externaltools.gnu-tools-for-stm32.11.3.rel1.win32_1.1.100.202309141235/tools/bin/../lib/gcc/arm-none-eabi/11.3.1/../../../../arm-none-eabi/lib/thumb/v6-m/nofp\libc_nano.a(libc_a-locale.o)
                0x0000000020000068                __global_locale
 *(.RamFunc)
 *(.RamFunc*)
                0x00000000200001d4                . = ALIGN (0x4)
                0x00000000200001d4                _edata = .

.igot.plt       0x00000000200001d4        0x0 load address 0x000000000800a36c
 .igot.plt      0x00000000200001d4        0x0 C:/ST/STM32CubeIDE_1.3.0.20_H72xH73xWL-A1/STM32CubeIDE/plugins/com.st.stm32cube.ide.mcu.externaltools.gnu-tools-for-stm32.11.3.rel1.win32_1.1.100.202309141235/tools/bin/../lib/gcc/arm-none-eabi/11.3.1/thumb/v6-m/nofp/crtbegin.o
                0x00000000200001d4                . = ALIGN (0x4)

.bss            0x00000000200001d4      0x364 load address 0x000000000800a36c
                0x00000000200001d4                _sbss = .
                0x00000000200001d4                __bss_start__ = _sbss
 *(.bss)
 .bss           0x00000000200001d4       0x1c C:/ST/STM32CubeIDE_1.3.0.20_H72xH73xWL-A1/STM32CubeIDE/plugins/com.st.stm32cube.ide.mcu.externaltools.gnu-tools-for-stm32.11.3.rel1.win32_1.1.100.202309141235/tools/bin/../lib/gcc/arm-none-eabi/11.3.1/thumb/v6-m/nofp/crtbegin.o
 *(.bss*)
 .bss.Data      0x00000000200001f0       0x20 ./Core/Src/main.o
                0x00000000200001f0                Data
 .bss.RxData    0x0000000020000210       0x40 ./Core/Src/main.o
                0x0000000020000210                RxData
 .bss.TxData    0x0000000020000250        0x8 ./Core/Src/main.o
                0x0000000020000250                TxData
 .bss.buffer    0x0000000020000258       0x28 ./Core/Src/main.o
                0x0000000020000258                buffer
 .bss.hi2c1     0x0000000020000280       0x54 ./Core/Src/main.o
                0x0000000020000280                hi2c1
 .bss.huart4    0x00000000200002d4       0x88 ./Core/Src/main.o
                0x00000000200002d4                huart4
 .bss.huart5    0x000000002000035c       0x88 ./Core/Src/main.o
                0x000000002000035c                huart5
 .bss.__sbrk_heap_end
                0x00000000200003e4        0x4 ./Core/Src/sysmem.o
 .bss.uwTick    0x00000000200003e8        0x4 ./Drivers/STM32L0xx_HAL_Driver/Src/stm32l0xx_hal.o
                0x00000000200003e8                uwTick
 .bss.__sf      0x00000000200003ec      0x138 C:/ST/STM32CubeIDE_1.3.0.20_H72xH73xWL-A1/STM32CubeIDE/plugins/com.st.stm32cube.ide.mcu.externaltools.gnu-tools-for-stm32.11.3.rel1.win32_1.1.100.202309141235/tools/bin/../lib/gcc/arm-none-eabi/11.3.1/../../../../arm-none-eabi/lib/thumb/v6-m/nofp\libc_nano.a(libc_a-findfp.o)
                0x00000000200003ec                __sf
 .bss.__stdio_exit_handler
                0x0000000020000524        0x4 C:/ST/STM32CubeIDE_1.3.0.20_H72xH73xWL-A1/STM32CubeIDE/plugins/com.st.stm32cube.ide.mcu.externaltools.gnu-tools-for-stm32.11.3.rel1.win32_1.1.100.202309141235/tools/bin/../lib/gcc/arm-none-eabi/11.3.1/../../../../arm-none-eabi/lib/thumb/v6-m/nofp\libc_nano.a(libc_a-findfp.o)
                0x0000000020000524                __stdio_exit_handler
 .bss.errno     0x0000000020000528        0x4 C:/ST/STM32CubeIDE_1.3.0.20_H72xH73xWL-A1/STM32CubeIDE/plugins/com.st.stm32cube.ide.mcu.externaltools.gnu-tools-for-stm32.11.3.rel1.win32_1.1.100.202309141235/tools/bin/../lib/gcc/arm-none-eabi/11.3.1/../../../../arm-none-eabi/lib/thumb/v6-m/nofp\libc_nano.a(libc_a-reent.o)
                0x0000000020000528                errno
 .bss.__lock___malloc_recursive_mutex
                0x000000002000052c        0x1 C:/ST/STM32CubeIDE_1.3.0.20_H72xH73xWL-A1/STM32CubeIDE/plugins/com.st.stm32cube.ide.mcu.externaltools.gnu-tools-for-stm32.11.3.rel1.win32_1.1.100.202309141235/tools/bin/../lib/gcc/arm-none-eabi/11.3.1/../../../../arm-none-eabi/lib/thumb/v6-m/nofp\libc_nano.a(libc_a-lock.o)
                0x000000002000052c                __lock___malloc_recursive_mutex
 .bss.__lock___sfp_recursive_mutex